Archive member included to satisfy reference by file (symbol)

/opt/devkitpro/libnx/lib/libnx.a(time.o)
                              main.o (timeExit)
/opt/devkitpro/libnx/lib/libnx.a(hid.o)
                              main.o (hidGetControllerType)
/opt/devkitpro/libnx/lib/libnx.a(fatal.o)
                              main.o (fatalSimple)
/opt/devkitpro/libnx/lib/libnx.a(sm.o)
                              /opt/devkitpro/libnx/lib/libnx.a(fatal.o) (smHasInitialized)
/opt/devkitpro/libnx/lib/libnx.a(fs.o)
                              main.o (fsInitialize)
/opt/devkitpro/libnx/lib/libnx.a(hosversion.o)
                              /opt/devkitpro/libnx/lib/libnx.a(hid.o) (hosversionGet)
/opt/devkitpro/libnx/lib/libnx.a(newlib.o)
                              main.o (__libnx_init_time)
/opt/devkitpro/libnx/lib/libnx.a(fs_dev.o)
                              main.o (fsdevMountSdmc)
/opt/devkitpro/libnx/lib/libnx.a(decode_utf8.o)
                              /opt/devkitpro/libnx/lib/libnx.a(fs_dev.o) (decode_utf8)
/opt/devkitpro/libnx/lib/libnx.a(svc.o)
                              /opt/devkitpro/libnx/lib/libnx.a(fatal.o) (svcExitProcess)
/opt/devkitpro/libnx/lib/libnx.a(readtp.o)
                              /opt/devkitpro/libnx/lib/libnx.a(fs_dev.o) (__aarch64_read_tp)
/opt/devkitpro/libnx/lib/libnx.a(switch_crt0.o)
                              (_start)
/opt/devkitpro/libnx/lib/libnx.a(detect.o)
                              /opt/devkitpro/libnx/lib/libnx.a(fatal.o) (detectKernelVersion)
/opt/devkitpro/libnx/lib/libnx.a(shmem.o)
                              /opt/devkitpro/libnx/lib/libnx.a(hid.o) (shmemLoadRemote)
/opt/devkitpro/libnx/lib/libnx.a(rwlock.o)
                              /opt/devkitpro/libnx/lib/libnx.a(hid.o) (rwlockReadLock)
/opt/devkitpro/libnx/lib/libnx.a(tmem.o)
                              /opt/devkitpro/libnx/lib/libnx.a(hid.o) (tmemCreateFromMemory)
/opt/devkitpro/libnx/lib/libnx.a(mutex.o)
                              /opt/devkitpro/libnx/lib/libnx.a(newlib.o) (mutexLock)
/opt/devkitpro/libnx/lib/libnx.a(virtmem.o)
                              /opt/devkitpro/libnx/lib/libnx.a(shmem.o) (virtmemReserve)
/opt/devkitpro/libnx/lib/libnx.a(event.o)
                              /opt/devkitpro/libnx/lib/libnx.a(hid.o) (eventLoadRemote)
/opt/devkitpro/libnx/lib/libnx.a(condvar.o)
                              /opt/devkitpro/libnx/lib/libnx.a(newlib.o) (condvarWaitTimeout)
/opt/devkitpro/libnx/lib/libnx.a(thread.o)
                              /opt/devkitpro/libnx/lib/libnx.a(newlib.o) (threadCreate)
/opt/devkitpro/libnx/lib/libnx.a(applet.o)
                              /opt/devkitpro/libnx/lib/libnx.a(hid.o) (appletGetAppletResourceUserId)
/opt/devkitpro/libnx/lib/libnx.a(apm.o)
                              /opt/devkitpro/libnx/lib/libnx.a(applet.o) (apmExit)
/opt/devkitpro/libnx/lib/libnx.a(dynamic.o)
                              /opt/devkitpro/libnx/lib/libnx.a(switch_crt0.o) (__nx_dynamic)
/opt/devkitpro/libnx/lib/libnx.a(init.o)
                              /opt/devkitpro/libnx/lib/libnx.a(switch_crt0.o) (__libnx_init)
/opt/devkitpro/libnx/lib/libnx.a(env.o)
                              /opt/devkitpro/libnx/lib/libnx.a(init.o) (envSetup)
/opt/devkitpro/libnx/lib/libnx.a(argv.o)
                              /opt/devkitpro/libnx/lib/libnx.a(init.o) (argvSetup)
/opt/devkitpro/libnx/lib/libnx.a(exception.o)
                              /opt/devkitpro/libnx/lib/libnx.a(switch_crt0.o) (__libnx_exception_entry)
/opt/devkitpro/libnx/lib/libnx.a(wait.o)
                              /opt/devkitpro/libnx/lib/libnx.a(event.o) (waitObjects)
/opt/devkitpro/libnx/lib/libnx.a(set.o)
                              /opt/devkitpro/libnx/lib/libnx.a(init.o) (setsysInitialize)
/opt/devkitpro/libnx/lib/libnx.a(nxlink.o)
                              /opt/devkitpro/libnx/lib/libnx.a(argv.o) (nxlinkSetup)
/opt/devkitpro/devkitA64/lib/gcc/aarch64-none-elf/8.3.0/../../../../aarch64-none-elf/lib/pic/libg.a(lib_a-bsearch.o)
                              /opt/devkitpro/libnx/lib/libnx.a(fs_dev.o) (bsearch)
/opt/devkitpro/devkitA64/lib/gcc/aarch64-none-elf/8.3.0/../../../../aarch64-none-elf/lib/pic/libg.a(lib_a-ctype_.o)
                              /opt/devkitpro/libnx/lib/libnx.a(argv.o) (_ctype_)
/opt/devkitpro/devkitA64/lib/gcc/aarch64-none-elf/8.3.0/../../../../aarch64-none-elf/lib/pic/libg.a(lib_a-errno.o)
                              /opt/devkitpro/libnx/lib/libnx.a(newlib.o) (__errno)
/opt/devkitpro/devkitA64/lib/gcc/aarch64-none-elf/8.3.0/../../../../aarch64-none-elf/lib/pic/libg.a(lib_a-exit.o)
                              /opt/devkitpro/libnx/lib/libnx.a(newlib.o) (exit)
/opt/devkitpro/devkitA64/lib/gcc/aarch64-none-elf/8.3.0/../../../../aarch64-none-elf/lib/pic/libg.a(lib_a-fclose.o)
                              main.o (fclose)
/opt/devkitpro/devkitA64/lib/gcc/aarch64-none-elf/8.3.0/../../../../aarch64-none-elf/lib/pic/libg.a(lib_a-fflush.o)
[...]
Memory Configuration

Name             Origin             Length             Attributes
*default*        0x0000000000000000 0xffffffffffffffff

Linker script and memory map

                0x0000000000000000                PROVIDE (__start__ = 0x0)
                0x0000000000000000                . = __start__
                0x0000000000000000                __code_start = .

.crt0           0x0000000000000000      0x158
 *(.crt0)
 .crt0          0x0000000000000000      0x158 /opt/devkitpro/libnx/lib/libnx.a(switch_crt0.o)
                0x0000000000000000                _start
                0x0000000000000120                __nx_exit
                0x0000000000000130                __nx_mod0
                0x0000000000000158                . = ALIGN (0x8)

.init           0x0000000000000158       0x38
 *(.init)
 .init          0x0000000000000158       0x18 /opt/devkitpro/devkitA64/lib/gcc/aarch64-none-elf/8.3.0/pic/crti.o
                0x0000000000000158                _init
 .init          0x0000000000000170       0x1c /opt/devkitpro/devkitA64/lib/gcc/aarch64-none-elf/8.3.0/pic/crtn.o
                0x0000000000000190                . = ALIGN (0x8)
 *fill*         0x000000000000018c        0x4 

.plt            0x0000000000000190        0x0
 *(.plt)
 .plt           0x0000000000000190        0x0 /opt/devkitpro/devkitA64/lib/gcc/aarch64-none-elf/8.3.0/pic/crti.o
 *(.iplt)
                0x0000000000000190                . = ALIGN (0x8)

.text           0x00000000000001c0    0x1d3e0
 *(.text.unlikely .text.*_unlikely .text.unlikely.*)
 *(.text.exit .text.exit.*)
 .text.exit     0x00000000000001c0       0x38 /opt/devkitpro/devkitA64/lib/gcc/aarch64-none-elf/8.3.0/../../../../aarch64-none-elf/lib/pic/libg.a(lib_a-exit.o)
                0x00000000000001c0                exit
 *(.text.startup .text.startup.*)
 *fill*         0x00000000000001f8        0x8 
 .text.startup.main
                0x0000000000000200      0x8f8 main.o
                0x0000000000000200                main
 *(.text.hot .text.hot.*)
 *(.text .stub .text.* .gnu.linkonce.t.*)
 .text.deregister_tm_clones
                0x0000000000000af8       0x2c /opt/devkitpro/devkitA64/lib/gcc/aarch64-none-elf/8.3.0/pic/crtbegin.o
 *fill*         0x0000000000000b24        0x4 
 .text.register_tm_clones
                0x0000000000000b28       0x38 /opt/devkitpro/devkitA64/lib/gcc/aarch64-none-elf/8.3.0/pic/crtbegin.o
 .text.__do_global_dtors_aux
                0x0000000000000b60       0x48 /opt/devkitpro/devkitA64/lib/gcc/aarch64-none-elf/8.3.0/pic/crtbegin.o
 .text.frame_dummy
                0x0000000000000ba8       0x34 /opt/devkitpro/devkitA64/lib/gcc/aarch64-none-elf/8.3.0/pic/crtbegin.o
 *fill*         0x0000000000000bdc        0x4 
 .text.__libnx_initheap
                0x0000000000000be0       0x30 main.o
                0x0000000000000be0                __libnx_initheap
 .text.__appInit
                0x0000000000000c10       0x54 main.o
                0x0000000000000c10                __appInit
 *fill*         0x0000000000000c64        0xc 
 .text.__appExit
                0x0000000000000c70       0x20 main.o
                0x0000000000000c70                __appExit
 .text.ipcCloseObjectById
                0x0000000000000c90       0x34 /opt/devkitpro/libnx/lib/libnx.a(time.o)
 *fill*         0x0000000000000cc4        0xc 
 .text._timeGetSession
                0x0000000000000cd0      0x12c /opt/devkitpro/libnx/lib/libnx.a(time.o)
 *fill*         0x0000000000000dfc        0x4 
 .text.timeExit
                0x0000000000000e00      0x1ec /opt/devkitpro/libnx/lib/libnx.a(time.o)
                0x0000000000000e00                timeExit
 *fill*         0x0000000000000fec        0x4 
 .text.timeInitialize
                0x0000000000000ff0       0xd8 /opt/devkitpro/libnx/lib/libnx.a(time.o)
                0x0000000000000ff0                timeInitialize
 *fill*         0x00000000000010c8        0x8 
 .text.timeGetCurrentTime
                0x00000000000010d0      0x124 /opt/devkitpro/libnx/lib/libnx.a(time.o)
                0x00000000000010d0                timeGetCurrentTime
 *fill*         0x00000000000011f4        0xc 
 .text.timeToCalendarTimeWithMyRule
                0x0000000000001200      0x118 /opt/devkitpro/libnx/lib/libnx.a(time.o)
                0x0000000000001200                timeToCalendarTimeWithMyRule
 *fill*         0x0000000000001318        0x8 
 .text.ipcCloseObjectById
                0x0000000000001320       0x34 /opt/devkitpro/libnx/lib/libnx.a(hid.o)
 *fill*         0x0000000000001354        0xc 
 .text._hidGetSharedMemoryHandle.constprop.18
                0x0000000000001360      0x124 /opt/devkitpro/libnx/lib/libnx.a(hid.o)
 *fill*         0x0000000000001484        0xc 
 .text._hidCmdWithNoInput
                0x0000000000001490      0x100 /opt/devkitpro/libnx/lib/libnx.a(hid.o)
 .text._hidCreateAppletResource.constprop.17
                0x0000000000001590      0x134 /opt/devkitpro/libnx/lib/libnx.a(hid.o)
 *fill*         0x00000000000016c4        0xc 
 .text._hidCmdWithInputU32
                0x00000000000016d0      0x10c /opt/devkitpro/libnx/lib/libnx.a(hid.o)
 *fill*         0x00000000000017dc        0x4 
 .text._hidCmdWithInputU64.constprop.24
                0x00000000000017e0      0x108 /opt/devkitpro/libnx/lib/libnx.a(hid.o)
 *fill*         0x00000000000018e8        0x8 
 .text.hidReset
                0x00000000000018f0      0x1f8 /opt/devkitpro/libnx/lib/libnx.a(hid.o)
                0x00000000000018f0                hidReset
 *fill*         0x0000000000001ae8        0x8 
 .text.hidGetSharedmemAddr
                0x0000000000001af0        0xc /opt/devkitpro/libnx/lib/libnx.a(hid.o)
                0x0000000000001af0                hidGetSharedmemAddr
 *fill*         0x0000000000001afc        0x4 
 .text.hidGetControllerType
                0x0000000000001b00       0x78 /opt/devkitpro/libnx/lib/libnx.a(hid.o)
                0x0000000000001b00                hidGetControllerType
 *fill*         0x0000000000001b78        0x8 
 .text.hidKeysDown
                0x0000000000001b80       0x6c /opt/devkitpro/libnx/lib/libnx.a(hid.o)
                0x0000000000001b80                hidKeysDown
 *fill*         0x0000000000001bec        0x4 
 .text.hidTouchCount
                0x0000000000001bf0        0xc /opt/devkitpro/libnx/lib/libnx.a(hid.o)
                0x0000000000001bf0                hidTouchCount
 *fill*         0x0000000000001bfc        0x4 
 .text.hidScanInput
                0x0000000000001c00      0x598 /opt/devkitpro/libnx/lib/libnx.a(hid.o)
                0x0000000000001c00                hidScanInput
 *fill*         0x0000000000002198        0x8 
 .text.hidSetSupportedNpadStyleSet
                0x00000000000021a0        0xc /opt/devkitpro/libnx/lib/libnx.a(hid.o)
                0x00000000000021a0                hidSetSupportedNpadStyleSet
 *fill*         0x00000000000021ac        0x4 
 .text.hidSetSupportedNpadIdType
                0x00000000000021b0      0x198 /opt/devkitpro/libnx/lib/libnx.a(hid.o)
                0x00000000000021b0                hidSetSupportedNpadIdType
 *fill*         0x0000000000002348        0x8 
 .text.hidSetNpadJoyHoldType
                0x0000000000002350        0x8 /opt/devkitpro/libnx/lib/libnx.a(hid.o)
                0x0000000000002350                hidSetNpadJoyHoldType
 *fill*         0x0000000000002358        0x8 
 .text.hidSetNpadJoyAssignmentModeDual
                0x0000000000002360       0x24 /opt/devkitpro/libnx/lib/libnx.a(hid.o)
                0x0000000000002360                hidSetNpadJoyAssignmentModeDual
 *fill*         0x0000000000002384        0xc 
 .text.hidFinalizeSevenSixAxisSensor
                0x0000000000002390       0x80 /opt/devkitpro/libnx/lib/libnx.a(hid.o)
                0x0000000000002390                hidFinalizeSevenSixAxisSensor
 .text.hidExit  0x0000000000002410      0x134 /opt/devkitpro/libnx/lib/libnx.a(hid.o)
                0x0000000000002410                hidExit
 *fill*         0x0000000000002544        0xc 
 .text.hidInitialize
                0x0000000000002550      0x170 /opt/devkitpro/libnx/lib/libnx.a(hid.o)
                0x0000000000002550                hidInitialize
 .text._fatalImpl
                0x00000000000026c0      0x140 /opt/devkitpro/libnx/lib/libnx.a(fatal.o)
 .text.fatalWithType
                0x0000000000002800       0x14 /opt/devkitpro/libnx/lib/libnx.a(fatal.o)
                0x0000000000002800                fatalWithType
 *fill*         0x0000000000002814        0xc 
 .text.fatalSimple
                0x0000000000002820       0x14 /opt/devkitpro/libnx/lib/libnx.a(fatal.o)
                0x0000000000002820                fatalSimple
 *fill*         0x0000000000002834        0xc 
 .text.ipcCloseObjectById
                0x0000000000002840       0x34 /opt/devkitpro/libnx/lib/libnx.a(sm.o)
 *fill*         0x0000000000002874        0xc 
 .text.smAddOverrideHandle
                0x0000000000002880       0x44 /opt/devkitpro/libnx/lib/libnx.a(sm.o)
                0x0000000000002880                smAddOverrideHandle
 *fill*         0x00000000000028c4        0xc 
 .text.smGetServiceOverride
                0x00000000000028d0       0x60 /opt/devkitpro/libnx/lib/libnx.a(sm.o)
                0x00000000000028d0                smGetServiceOverride
 .text.smHasInitialized
                0x0000000000002930       0x14 /opt/devkitpro/libnx/lib/libnx.a(sm.o)
                0x0000000000002930                smHasInitialized
 *fill*         0x0000000000002944        0xc 
 .text.smExit   0x0000000000002950       0x9c /opt/devkitpro/libnx/lib/libnx.a(sm.o)
                0x0000000000002950                smExit
 *fill*         0x00000000000029ec        0x4 
 .text.smEncodeName
                0x00000000000029f0       0x38 /opt/devkitpro/libnx/lib/libnx.a(sm.o)
                0x00000000000029f0                smEncodeName
 *fill*         0x0000000000002a28        0x8 
 .text.smGetServiceOriginal
                0x0000000000002a30      0x22c /opt/devkitpro/libnx/lib/libnx.a(sm.o)
                0x0000000000002a30                smGetServiceOriginal
 *fill*         0x0000000000002c5c        0x4 
 .text.smInitialize
                0x0000000000002c60      0x27c /opt/devkitpro/libnx/lib/libnx.a(sm.o)
                0x0000000000002c60                smInitialize
 *fill*         0x0000000000002edc        0x4 
 .text.smGetService
                0x0000000000002ee0       0x74 /opt/devkitpro/libnx/lib/libnx.a(sm.o)
                0x0000000000002ee0                smGetService
 *fill*         0x0000000000002f54        0xc 
 .text.ipcPrepareHeader
                0x0000000000002f60      0x220 /opt/devkitpro/libnx/lib/libnx.a(fs.o)
 .text.ipcParse
                0x0000000000003180      0x22c /opt/devkitpro/libnx/lib/libnx.a(fs.o)
 *fill*         0x00000000000033ac        0x4 
 .text.serviceIpcParse
                0x00000000000033b0       0xb0 /opt/devkitpro/libnx/lib/libnx.a(fs.o)
 .text.ipcCloseObjectById
                0x0000000000003460       0x34 /opt/devkitpro/libnx/lib/libnx.a(fs.o)
 *fill*         0x0000000000003494        0xc 
 .text.fsInitialize
                0x00000000000034a0      0x200 /opt/devkitpro/libnx/lib/libnx.a(fs.o)
                0x00000000000034a0                fsInitialize
 .text.fsExit   0x00000000000036a0       0x9c /opt/devkitpro/libnx/lib/libnx.a(fs.o)
                0x00000000000036a0                fsExit
 *fill*         0x000000000000373c        0x4 
 .text.fsMountSdcard
                0x0000000000003740      0x1ec /opt/devkitpro/libnx/lib/libnx.a(fs.o)
                0x0000000000003740                fsMountSdcard
 *fill*         0x000000000000392c        0x4 
 .text.fsFsCreateFile
                0x0000000000003930      0x1a4 /opt/devkitpro/libnx/lib/libnx.a(fs.o)
                0x0000000000003930                fsFsCreateFile
 *fill*         0x0000000000003ad4        0xc 
 .text.fsFsDeleteFile
                0x0000000000003ae0      0x19c /opt/devkitpro/libnx/lib/libnx.a(fs.o)
                0x0000000000003ae0                fsFsDeleteFile
 *fill*         0x0000000000003c7c        0x4 
 .text.fsFsCreateDirectory
                0x0000000000003c80      0x19c /opt/devkitpro/libnx/lib/libnx.a(fs.o)
                0x0000000000003c80                fsFsCreateDirectory
 *fill*         0x0000000000003e1c        0x4 
 .text.fsFsDeleteDirectory
                0x0000000000003e20      0x19c /opt/devkitpro/libnx/lib/libnx.a(fs.o)
                0x0000000000003e20                fsFsDeleteDirectory
 *fill*         0x0000000000003fbc        0x4 
 .text.fsFsRenameFile
                0x0000000000003fc0      0x214 /opt/devkitpro/libnx/lib/libnx.a(fs.o)
                0x0000000000003fc0                fsFsRenameFile
 *fill*         0x00000000000041d4        0xc 
 .text.fsFsRenameDirectory
                0x00000000000041e0      0x214 /opt/devkitpro/libnx/lib/libnx.a(fs.o)
                0x00000000000041e0                fsFsRenameDirectory
 *fill*         0x00000000000043f4        0xc 
 .text.fsFsGetEntryType
                0x0000000000004400      0x1b0 /opt/devkitpro/libnx/lib/libnx.a(fs.o)
                0x0000000000004400                fsFsGetEntryType
 .text.fsFsOpenFile
                0x00000000000045b0      0x1e4 /opt/devkitpro/libnx/lib/libnx.a(fs.o)
                0x00000000000045b0                fsFsOpenFile
 *fill*         0x0000000000004794        0xc 
 .text.fsFsOpenDirectory
                0x00000000000047a0      0x1f8 /opt/devkitpro/libnx/lib/libnx.a(fs.o)
                0x00000000000047a0                fsFsOpenDirectory
 *fill*         0x0000000000004998        0x8 
 .text.fsFsGetFreeSpace
                0x00000000000049a0      0x1b0 /opt/devkitpro/libnx/lib/libnx.a(fs.o)
                0x00000000000049a0                fsFsGetFreeSpace
 .text.fsFsGetTotalSpace
                0x0000000000004b50      0x1b0 /opt/devkitpro/libnx/lib/libnx.a(fs.o)
                0x0000000000004b50                fsFsGetTotalSpace
 .text.fsFsGetFileTimeStampRaw
                0x0000000000004d00      0x194 /opt/devkitpro/libnx/lib/libnx.a(fs.o)
                0x0000000000004d00                fsFsGetFileTimeStampRaw
 *fill*         0x0000000000004e94        0xc 
 .text.fsFsClose
                0x0000000000004ea0       0x6c /opt/devkitpro/libnx/lib/libnx.a(fs.o)
                0x0000000000004ea0                fsFsClose
 *fill*         0x0000000000004f0c        0x4 
 .text.fsFileRead
                0x0000000000004f10      0x1fc /opt/devkitpro/libnx/lib/libnx.a(fs.o)
                0x0000000000004f10                fsFileRead
 *fill*         0x000000000000510c        0x4 
 .text.fsFileWrite
                0x0000000000005110      0x1c8 /opt/devkitpro/libnx/lib/libnx.a(fs.o)
                0x0000000000005110                fsFileWrite
 *fill*         0x00000000000052d8        0x8 
 .text.fsFileFlush
                0x00000000000052e0      0x17c /opt/devkitpro/libnx/lib/libnx.a(fs.o)
                0x00000000000052e0                fsFileFlush
 *fill*         0x000000000000545c        0x4 
 .text.fsFileSetSize
                0x0000000000005460      0x18c /opt/devkitpro/libnx/lib/libnx.a(fs.o)
                0x0000000000005460                fsFileSetSize
 *fill*         0x00000000000055ec        0x4 
 .text.fsFileGetSize
                0x00000000000055f0      0x1c0 /opt/devkitpro/libnx/lib/libnx.a(fs.o)
                0x00000000000055f0                fsFileGetSize
 .text.fsFileClose
                0x00000000000057b0       0x6c /opt/devkitpro/libnx/lib/libnx.a(fs.o)
                0x00000000000057b0                fsFileClose
 *fill*         0x000000000000581c        0x4 
 .text.fsDirClose
                0x0000000000005820       0x6c /opt/devkitpro/libnx/lib/libnx.a(fs.o)
                0x0000000000005820                fsDirClose
 *fill*         0x000000000000588c        0x4 
 .text.fsDirRead
                0x0000000000005890      0x1ec /opt/devkitpro/libnx/lib/libnx.a(fs.o)
                0x0000000000005890                fsDirRead
 *fill*         0x0000000000005a7c        0x4 
 .text.hosversionGet
                0x0000000000005a80       0x10 /opt/devkitpro/libnx/lib/libnx.a(hosversion.o)
                0x0000000000005a80                hosversionGet
 .text.hosversionSet
                0x0000000000005a90       0x10 /opt/devkitpro/libnx/lib/libnx.a(hosversion.o)
                0x0000000000005a90                hosversionSet
 .text.__syscall_exit
                0x0000000000005aa0       0x1c /opt/devkitpro/libnx/lib/libnx.a(newlib.o)
                0x0000000000005aa0                __syscall_exit
 *fill*         0x0000000000005abc        0x4 
 .text.__syscall_getreent
                0x0000000000005ac0       0x34 /opt/devkitpro/libnx/lib/libnx.a(newlib.o)
                0x0000000000005ac0                __syscall_getreent
 *fill*         0x0000000000005af4        0xc 
 .text.__syscall_lock_acquire
                0x0000000000005b00        0x4 /opt/devkitpro/libnx/lib/libnx.a(newlib.o)
                0x0000000000005b00                __syscall_lock_acquire
 *fill*         0x0000000000005b04        0xc 
 .text.__syscall_lock_release
                0x0000000000005b10        0x4 /opt/devkitpro/libnx/lib/libnx.a(newlib.o)
                0x0000000000005b10                __syscall_lock_release
 *fill*         0x0000000000005b14        0xc 
 .text.__syscall_lock_acquire_recursive
                0x0000000000005b20        0x4 /opt/devkitpro/libnx/lib/libnx.a(newlib.o)
                0x0000000000005b20                __syscall_lock_acquire_recursive
 *fill*         0x0000000000005b24        0xc 
 .text.__syscall_lock_release_recursive
                0x0000000000005b30        0x4 /opt/devkitpro/libnx/lib/libnx.a(newlib.o)
                0x0000000000005b30                __syscall_lock_release_recursive
 *fill*         0x0000000000005b34        0xc 
 .text.__libnx_init_time
                0x0000000000005b40      0x27c /opt/devkitpro/libnx/lib/libnx.a(newlib.o)
                0x0000000000005b40                __libnx_init_time
 *fill*         0x0000000000005dbc        0x4 
 .text.__syscall_gettod_r
                0x0000000000005dc0       0x8c /opt/devkitpro/libnx/lib/libnx.a(newlib.o)
                0x0000000000005dc0                __syscall_gettod_r
 *fill*         0x0000000000005e4c        0x4 
 .text.newlibSetup
                0x0000000000005e50       0x80 /opt/devkitpro/libnx/lib/libnx.a(newlib.o)
                0x0000000000005e50                newlibSetup
 .text.fsdev_link
                0x0000000000005ed0       0x10 /opt/devkitpro/libnx/lib/libnx.a(fs_dev.o)
 .text.fsdev_dirreset
                0x0000000000005ee0       0x10 /opt/devkitpro/libnx/lib/libnx.a(fs_dev.o)
 .text.fsdev_chmod
                0x0000000000005ef0       0x10 /opt/devkitpro/libnx/lib/libnx.a(fs_dev.o)
 .text.error_cmp
                0x0000000000005f00       0x1c /opt/devkitpro/libnx/lib/libnx.a(fs_dev.o)
 *fill*         0x0000000000005f1c        0x4 
 .text.fsdev_translate_error
                0x0000000000005f20       0x5c /opt/devkitpro/libnx/lib/libnx.a(fs_dev.o)
 *fill*         0x0000000000005f7c        0x4 
 .text.fsdev_fsync
                0x0000000000005f80       0x40 /opt/devkitpro/libnx/lib/libnx.a(fs_dev.o)
 .text.fsdev_ftruncate
                0x0000000000005fc0       0x60 /opt/devkitpro/libnx/lib/libnx.a(fs_dev.o)
 .text.fsdev_dirclose
                0x0000000000006020       0x20 /opt/devkitpro/libnx/lib/libnx.a(fs_dev.o)
 .text.fsdev_dirnext
                0x0000000000006040      0x16c /opt/devkitpro/libnx/lib/libnx.a(fs_dev.o)
 *fill*         0x00000000000061ac        0x4 
 .text.fsdev_close
                0x00000000000061b0       0x1c /opt/devkitpro/libnx/lib/libnx.a(fs_dev.o)
 *fill*         0x00000000000061cc        0x4 
 .text.fsdev_fstat
                0x00000000000061d0       0xa4 /opt/devkitpro/libnx/lib/libnx.a(fs_dev.o)
 *fill*         0x0000000000006274        0xc 
 .text.fsdev_seek
                0x0000000000006280       0xb0 /opt/devkitpro/libnx/lib/libnx.a(fs_dev.o)
 .text.fsdev_read
                0x0000000000006330      0x1a0 /opt/devkitpro/libnx/lib/libnx.a(fs_dev.o)
 .text.fsdev_write
                0x00000000000064d0      0x1a8 /opt/devkitpro/libnx/lib/libnx.a(fs_dev.o)
 *fill*         0x0000000000006678        0x8 
 .text.fsdevFindDevice
                0x0000000000006680      0x120 /opt/devkitpro/libnx/lib/libnx.a(fs_dev.o)
 .text._fsdevMountDevice
                0x00000000000067a0      0x140 /opt/devkitpro/libnx/lib/libnx.a(fs_dev.o)
 .text.fsdev_getfspath
                0x00000000000068e0      0x1fc /opt/devkitpro/libnx/lib/libnx.a(fs_dev.o)
 *fill*         0x0000000000006adc        0x4 
 .text.fsdev_rmdir
                0x0000000000006ae0       0x70 /opt/devkitpro/libnx/lib/libnx.a(fs_dev.o)
 .text.fsdev_statvfs
                0x0000000000006b50       0xd4 /opt/devkitpro/libnx/lib/libnx.a(fs_dev.o)
 *fill*         0x0000000000006c24        0xc 
 .text.fsdev_diropen
                0x0000000000006c30       0xec /opt/devkitpro/libnx/lib/libnx.a(fs_dev.o)
 *fill*         0x0000000000006d1c        0x4 
 .text.fsdev_mkdir
                0x0000000000006d20       0x70 /opt/devkitpro/libnx/lib/libnx.a(fs_dev.o)
 .text.fsdev_rename
                0x0000000000006d90      0x114 /opt/devkitpro/libnx/lib/libnx.a(fs_dev.o)
 *fill*         0x0000000000006ea4        0xc 
 .text.fsdev_chdir
                0x0000000000006eb0       0xe8 /opt/devkitpro/libnx/lib/libnx.a(fs_dev.o)
 *fill*         0x0000000000006f98        0x8 
 .text.fsdev_unlink
                0x0000000000006fa0       0x70 /opt/devkitpro/libnx/lib/libnx.a(fs_dev.o)
 .text.fsdev_stat
                0x0000000000007010      0x1bc /opt/devkitpro/libnx/lib/libnx.a(fs_dev.o)
 *fill*         0x00000000000071cc        0x4 
 .text.fsdev_open
                0x00000000000071d0      0x19c /opt/devkitpro/libnx/lib/libnx.a(fs_dev.o)
 *fill*         0x000000000000736c        0x4 
 .text._fsdevUnmountDeviceStruct.part.4
                0x0000000000007370       0xb8 /opt/devkitpro/libnx/lib/libnx.a(fs_dev.o)
 *fill*         0x0000000000007428        0x8 
 .text.fsdev_fchmod
                0x0000000000007430       0x10 /opt/devkitpro/libnx/lib/libnx.a(fs_dev.o)
 .text.fsdevMountSdmc
                0x0000000000007440      0x170 /opt/devkitpro/libnx/lib/libnx.a(fs_dev.o)
                0x0000000000007440                fsdevMountSdmc
 .text.fsdevUnmountAll
                0x00000000000075b0       0x64 /opt/devkitpro/libnx/lib/libnx.a(fs_dev.o)
                0x00000000000075b0                fsdevUnmountAll
 *fill*         0x0000000000007614        0xc 
 .text.decode_utf8
                0x0000000000007620      0x12c /opt/devkitpro/libnx/lib/libnx.a(decode_utf8.o)
                0x0000000000007620                decode_utf8
 .text.svcUnmapMemory
                0x000000000000774c        0x8 /opt/devkitpro/libnx/lib/libnx.a(svc.o)
                0x000000000000774c                svcUnmapMemory
 .text.svcQueryMemory
                0x0000000000007754       0x14 /opt/devkitpro/libnx/lib/libnx.a(svc.o)
                0x0000000000007754                svcQueryMemory
 .text.svcExitProcess
                0x0000000000007768        0x8 /opt/devkitpro/libnx/lib/libnx.a(svc.o)
                0x0000000000007768                svcExitProcess
 .text.svcSleepThread
                0x0000000000007770        0x8 /opt/devkitpro/libnx/lib/libnx.a(svc.o)
                0x0000000000007770                svcSleepThread
 .text.svcMapSharedMemory
                0x0000000000007778        0x8 /opt/devkitpro/libnx/lib/libnx.a(svc.o)
                0x0000000000007778                svcMapSharedMemory
 .text.svcUnmapSharedMemory
                0x0000000000007780        0x8 /opt/devkitpro/libnx/lib/libnx.a(svc.o)
                0x0000000000007780                svcUnmapSharedMemory
 .text.svcCloseHandle
                0x0000000000007788        0x8 /opt/devkitpro/libnx/lib/libnx.a(svc.o)
                0x0000000000007788                svcCloseHandle
 .text.svcArbitrateLock
                0x0000000000007790        0x8 /opt/devkitpro/libnx/lib/libnx.a(svc.o)
                0x0000000000007790                svcArbitrateLock
 .text.svcArbitrateUnlock
                0x0000000000007798        0x8 /opt/devkitpro/libnx/lib/libnx.a(svc.o)
                0x0000000000007798                svcArbitrateUnlock
 .text.svcWaitProcessWideKeyAtomic
                0x00000000000077a0        0x8 /opt/devkitpro/libnx/lib/libnx.a(svc.o)
                0x00000000000077a0                svcWaitProcessWideKeyAtomic
 .text.svcSignalProcessWideKey
                0x00000000000077a8        0x8 /opt/devkitpro/libnx/lib/libnx.a(svc.o)
                0x00000000000077a8                svcSignalProcessWideKey
 .text.svcConnectToNamedPort
                0x00000000000077b0       0x14 /opt/devkitpro/libnx/lib/libnx.a(svc.o)
                0x00000000000077b0                svcConnectToNamedPort
 .text.svcSendSyncRequest
                0x00000000000077c4        0x8 /opt/devkitpro/libnx/lib/libnx.a(svc.o)
                0x00000000000077c4                svcSendSyncRequest
 .text.svcBreak
                0x00000000000077cc        0x8 /opt/devkitpro/libnx/lib/libnx.a(svc.o)
                0x00000000000077cc                svcBreak
 .text.svcReturnFromException
                0x00000000000077d4        0x8 /opt/devkitpro/libnx/lib/libnx.a(svc.o)
                0x00000000000077d4                svcReturnFromException
 .text.svcGetInfo
                0x00000000000077dc       0x14 /opt/devkitpro/libnx/lib/libnx.a(svc.o)
                0x00000000000077dc                svcGetInfo
 .text.svcUnmapTransferMemory
                0x00000000000077f0        0x8 /opt/devkitpro/libnx/lib/libnx.a(svc.o)
                0x00000000000077f0                svcUnmapTransferMemory
 .text.__aarch64_read_tp
                0x00000000000077f8        0xc /opt/devkitpro/libnx/lib/libnx.a(readtp.o)
                0x00000000000077f8                __aarch64_read_tp
 *fill*         0x0000000000007804        0xc 
 .text.detectKernelVersion
                0x0000000000007810      0x17c /opt/devkitpro/libnx/lib/libnx.a(detect.o)
                0x0000000000007810                detectKernelVersion
 *fill*         0x000000000000798c        0x4 
 .text.detectDebugger
                0x0000000000007990       0x30 /opt/devkitpro/libnx/lib/libnx.a(detect.o)
                0x0000000000007990                detectDebugger
 .text.shmemLoadRemote
                0x00000000000079c0       0x14 /opt/devkitpro/libnx/lib/libnx.a(shmem.o)
                0x00000000000079c0                shmemLoadRemote
 *fill*         0x00000000000079d4        0xc 
 .text.shmemMap
                0x00000000000079e0       0x84 /opt/devkitpro/libnx/lib/libnx.a(shmem.o)
                0x00000000000079e0                shmemMap
 *fill*         0x0000000000007a64        0xc 
 .text.shmemUnmap
                0x0000000000007a70       0x58 /opt/devkitpro/libnx/lib/libnx.a(shmem.o)
                0x0000000000007a70                shmemUnmap
 *fill*         0x0000000000007ac8        0x8 
 .text.shmemClose
                0x0000000000007ad0       0x44 /opt/devkitpro/libnx/lib/libnx.a(shmem.o)
                0x0000000000007ad0                shmemClose
 *fill*         0x0000000000007b14        0xc 
 .text.rwlockReadLock
                0x0000000000007b20       0x58 /opt/devkitpro/libnx/lib/libnx.a(rwlock.o)
                0x0000000000007b20                rwlockReadLock
 *fill*         0x0000000000007b78        0x8 
 .text.rwlockReadUnlock
                0x0000000000007b80       0x5c /opt/devkitpro/libnx/lib/libnx.a(rwlock.o)
                0x0000000000007b80                rwlockReadUnlock
 *fill*         0x0000000000007bdc        0x4 
 .text.rwlockWriteLock
                0x0000000000007be0       0x84 /opt/devkitpro/libnx/lib/libnx.a(rwlock.o)
                0x0000000000007be0                rwlockWriteLock
 *fill*         0x0000000000007c64        0xc 
 .text.rwlockWriteUnlock
                0x0000000000007c70       0x3c /opt/devkitpro/libnx/lib/libnx.a(rwlock.o)
                0x0000000000007c70                rwlockWriteUnlock
 *fill*         0x0000000000007cac        0x4 
 .text.tmemUnmap
                0x0000000000007cb0       0x58 /opt/devkitpro/libnx/lib/libnx.a(tmem.o)
                0x0000000000007cb0                tmemUnmap
 *fill*         0x0000000000007d08        0x8 
 .text.tmemClose
                0x0000000000007d10       0x68 /opt/devkitpro/libnx/lib/libnx.a(tmem.o)
                0x0000000000007d10                tmemClose
 *fill*         0x0000000000007d78        0x8 
 .text.mutexLock
                0x0000000000007d80       0x8c /opt/devkitpro/libnx/lib/libnx.a(mutex.o)
                0x0000000000007d80                mutexLock
 *fill*         0x0000000000007e0c        0x4 
 .text.mutexUnlock
                0x0000000000007e10       0x30 /opt/devkitpro/libnx/lib/libnx.a(mutex.o)
                0x0000000000007e10                mutexUnlock
 .text.rmutexLock
                0x0000000000007e40       0x4c /opt/devkitpro/libnx/lib/libnx.a(mutex.o)
                0x0000000000007e40                rmutexLock
 *fill*         0x0000000000007e8c        0x4 
 .text.rmutexUnlock
                0x0000000000007e90       0x1c /opt/devkitpro/libnx/lib/libnx.a(mutex.o)
                0x0000000000007e90                rmutexUnlock
 *fill*         0x0000000000007eac        0x4 
 .text._GetRegionFromInfo.isra.1
                0x0000000000007eb0       0x7c /opt/devkitpro/libnx/lib/libnx.a(virtmem.o)
 *fill*         0x0000000000007f2c        0x4 
 .text.virtmemSetup
                0x0000000000007f30      0x114 /opt/devkitpro/libnx/lib/libnx.a(virtmem.o)
                0x0000000000007f30                virtmemSetup
 *fill*         0x0000000000008044        0xc 
 .text.virtmemReserve
                0x0000000000008050      0x13c /opt/devkitpro/libnx/lib/libnx.a(virtmem.o)
                0x0000000000008050                virtmemReserve
 *fill*         0x000000000000818c        0x4 
 .text.virtmemFree
                0x0000000000008190        0x4 /opt/devkitpro/libnx/lib/libnx.a(virtmem.o)
                0x0000000000008190                virtmemFree
 *fill*         0x0000000000008194        0xc 
 .text.condvarWaitTimeout
                0x00000000000081a0       0x60 /opt/devkitpro/libnx/lib/libnx.a(condvar.o)
                0x00000000000081a0                condvarWaitTimeout
 .text.appletGetAppletResourceUserId
                0x0000000000008200       0x28 /opt/devkitpro/libnx/lib/libnx.a(applet.o)
                0x0000000000008200                appletGetAppletResourceUserId
 *fill*         0x0000000000008228        0x8 
 .text.__nx_dynamic
                0x0000000000008230       0xa0 /opt/devkitpro/libnx/lib/libnx.a(dynamic.o)
                0x0000000000008230                __nx_dynamic
 .text.__libnx_init
                0x00000000000082d0       0x28 /opt/devkitpro/libnx/lib/libnx.a(init.o)
                0x00000000000082d0                __libnx_init
 *fill*         0x00000000000082f8        0x8 
 .text.__libnx_exit
                0x0000000000008300       0x20 /opt/devkitpro/libnx/lib/libnx.a(init.o)
                0x0000000000008300                __libnx_exit
 .text.envSetup
                0x0000000000008320      0x254 /opt/devkitpro/libnx/lib/libnx.a(env.o)
                0x0000000000008320                envSetup
 *fill*         0x0000000000008574        0xc 
 .text.envGetMainThreadHandle
                0x0000000000008580       0x20 /opt/devkitpro/libnx/lib/libnx.a(env.o)
                0x0000000000008580                envGetMainThreadHandle
 .text.envIsNso
                0x00000000000085a0        0xc /opt/devkitpro/libnx/lib/libnx.a(env.o)
                0x00000000000085a0                envIsNso
 *fill*         0x00000000000085ac        0x4 
 .text.envHasArgv
                0x00000000000085b0       0x14 /opt/devkitpro/libnx/lib/libnx.a(env.o)
                0x00000000000085b0                envHasArgv
 *fill*         0x00000000000085c4        0xc 
 .text.envGetArgv
                0x00000000000085d0        0xc /opt/devkitpro/libnx/lib/libnx.a(env.o)
                0x00000000000085d0                envGetArgv
 *fill*         0x00000000000085dc        0x4 
 .text.envGetExitFuncPtr
                0x00000000000085e0        0xc /opt/devkitpro/libnx/lib/libnx.a(env.o)
                0x00000000000085e0                envGetExitFuncPtr
 *fill*         0x00000000000085ec        0x4 
 .text.argvSetup
                0x00000000000085f0      0x324 /opt/devkitpro/libnx/lib/libnx.a(argv.o)
                0x00000000000085f0                argvSetup
 .text.__libnx_exception_entry
                0x0000000000008914      0x1c0 /opt/devkitpro/libnx/lib/libnx.a(exception.o)
                0x0000000000008914                __libnx_exception_entry
 .text.__libnx_exception_returnentry
                0x0000000000008ad4       0x18 /opt/devkitpro/libnx/lib/libnx.a(exception.o)
                0x0000000000008ad4                __libnx_exception_returnentry
 *fill*         0x0000000000008aec        0x4 
 .text.nxlinkSetup
                0x0000000000008af0       0xc4 /opt/devkitpro/libnx/lib/libnx.a(nxlink.o)
                0x0000000000008af0                nxlinkSetup
 *fill*         0x0000000000008bb4        0x4 
 .text.bsearch  0x0000000000008bb8       0xb8 /opt/devkitpro/devkitA64/lib/gcc/aarch64-none-elf/8.3.0/../../../../aarch64-none-elf/lib/pic/libg.a(lib_a-bsearch.o)
                0x0000000000008bb8                bsearch
 .text.__errno  0x0000000000008c70       0x14 /opt/devkitpro/devkitA64/lib/gcc/aarch64-none-elf/8.3.0/../../../../aarch64-none-elf/lib/pic/libg.a(lib_a-errno.o)
                0x0000000000008c70                __errno
 *fill*         0x0000000000008c84        0x4 
 .text._fclose_r
                0x0000000000008c88      0x15c /opt/devkitpro/devkitA64/lib/gcc/aarch64-none-elf/8.3.0/../../../../aarch64-none-elf/lib/pic/libg.a(lib_a-fclose.o)
                0x0000000000008c88                _fclose_r
 *fill*         0x0000000000008de4        0x4 
 .text.fclose   0x0000000000008de8       0x1c /opt/devkitpro/devkitA64/lib/gcc/aarch64-none-elf/8.3.0/../../../../aarch64-none-elf/lib/pic/libg.a(lib_a-fclose.o)
                0x0000000000008de8                fclose
 *fill*         0x0000000000008e04        0x4 
 .text.__sflush_r
                0x0000000000008e08      0x214 /opt/devkitpro/devkitA64/lib/gcc/aarch64-none-elf/8.3.0/../../../../aarch64-none-elf/lib/pic/libg.a(lib_a-fflush.o)
                0x0000000000008e08                __sflush_r
 *fill*         0x000000000000901c        0x4 
 .text._fflush_r
                0x0000000000009020       0xb8 /opt/devkitpro/devkitA64/lib/gcc/aarch64-none-elf/8.3.0/../../../../aarch64-none-elf/lib/pic/libg.a(lib_a-fflush.o)
                0x0000000000009020                _fflush_r
 .text.fflush   0x00000000000090d8       0x40 /opt/devkitpro/devkitA64/lib/gcc/aarch64-none-elf/8.3.0/../../../../aarch64-none-elf/lib/pic/libg.a(lib_a-fflush.o)
                0x00000000000090d8                fflush
 .text.std      0x0000000000009118       0x78 /opt/devkitpro/devkitA64/lib/gcc/aarch64-none-elf/8.3.0/../../../../aarch64-none-elf/lib/pic/libg.a(lib_a-findfp.o)
 .text._cleanup_r
                0x0000000000009190        0xc /opt/devkitpro/devkitA64/lib/gcc/aarch64-none-elf/8.3.0/../../../../aarch64-none-elf/lib/pic/libg.a(lib_a-findfp.o)
                0x0000000000009190                _cleanup_r
 *fill*         0x000000000000919c        0x4 
 .text.__sfmoreglue
                0x00000000000091a0       0x60 /opt/devkitpro/devkitA64/lib/gcc/aarch64-none-elf/8.3.0/../../../../aarch64-none-elf/lib/pic/libg.a(lib_a-findfp.o)
                0x00000000000091a0                __sfmoreglue
 .text.__sfp_lock_acquire
                0x0000000000009200        0xc /opt/devkitpro/devkitA64/lib/gcc/aarch64-none-elf/8.3.0/../../../../aarch64-none-elf/lib/pic/libg.a(lib_a-findfp.o)
                0x0000000000009200                __sfp_lock_acquire
 *fill*         0x000000000000920c        0x4 
 .text.__sfp_lock_release
                0x0000000000009210        0xc /opt/devkitpro/devkitA64/lib/gcc/aarch64-none-elf/8.3.0/../../../../aarch64-none-elf/lib/pic/libg.a(lib_a-findfp.o)
                0x0000000000009210                __sfp_lock_release
 *fill*         0x000000000000921c        0x4 
 .text.__sinit_lock_acquire
                0x0000000000009220        0xc /opt/devkitpro/devkitA64/lib/gcc/aarch64-none-elf/8.3.0/../../../../aarch64-none-elf/lib/pic/libg.a(lib_a-findfp.o)
                0x0000000000009220                __sinit_lock_acquire
 *fill*         0x000000000000922c        0x4 
 .text.__sinit_lock_release
                0x0000000000009230        0xc /opt/devkitpro/devkitA64/lib/gcc/aarch64-none-elf/8.3.0/../../../../aarch64-none-elf/lib/pic/libg.a(lib_a-findfp.o)
                0x0000000000009230                __sinit_lock_release
 *fill*         0x000000000000923c        0x4 
 .text.__sinit  0x0000000000009240       0x80 /opt/devkitpro/devkitA64/lib/gcc/aarch64-none-elf/8.3.0/../../../../aarch64-none-elf/lib/pic/libg.a(lib_a-findfp.o)
                0x0000000000009240                __sinit
 .text.__sfp    0x00000000000092c0      0x118 /opt/devkitpro/devkitA64/lib/gcc/aarch64-none-elf/8.3.0/../../../../aarch64-none-elf/lib/pic/libg.a(lib_a-findfp.o)
                0x00000000000092c0                __sfp
 .text.__libc_fini_array
                0x00000000000093d8       0x44 /opt/devkitpro/devkitA64/lib/gcc/aarch64-none-elf/8.3.0/../../../../aarch64-none-elf/lib/pic/libg.a(lib_a-fini.o)
                0x00000000000093d8                __libc_fini_array
 *fill*         0x000000000000941c        0x4 
 .text._fopen_r
                0x0000000000009420      0x130 /opt/devkitpro/devkitA64/lib/gcc/aarch64-none-elf/8.3.0/../../../../aarch64-none-elf/lib/pic/libg.a(lib_a-fopen.o)
                0x0000000000009420                _fopen_r
 .text.fopen    0x0000000000009550       0x30 /opt/devkitpro/devkitA64/lib/gcc/aarch64-none-elf/8.3.0/../../../../aarch64-none-elf/lib/pic/libg.a(lib_a-fopen.o)
                0x0000000000009550                fopen
 .text.fprintf  0x0000000000009580       0x94 /opt/devkitpro/devkitA64/lib/gcc/aarch64-none-elf/8.3.0/../../../../aarch64-none-elf/lib/pic/libg.a(lib_a-fprintf.o)
                0x0000000000009580                fprintf
 *fill*         0x0000000000009614        0x4 
 .text._malloc_trim_r
                0x0000000000009618      0x118 /opt/devkitpro/devkitA64/lib/gcc/aarch64-none-elf/8.3.0/../../../../aarch64-none-elf/lib/pic/libg.a(lib_a-freer.o)
                0x0000000000009618                _malloc_trim_r
 .text._free_r  0x0000000000009730      0x2f4 /opt/devkitpro/devkitA64/lib/gcc/aarch64-none-elf/8.3.0/../../../../aarch64-none-elf/lib/pic/libg.a(lib_a-freer.o)
                0x0000000000009730                _free_r
 *fill*         0x0000000000009a24        0x4 
 .text._fseek_r
                0x0000000000009a28        0x4 /opt/devkitpro/devkitA64/lib/gcc/aarch64-none-elf/8.3.0/../../../../aarch64-none-elf/lib/pic/libg.a(lib_a-fseek.o)
                0x0000000000009a28                _fseek_r
 *fill*         0x0000000000009a2c        0x4 
 .text._fseeko_r
                0x0000000000009a30      0x4c4 /opt/devkitpro/devkitA64/lib/gcc/aarch64-none-elf/8.3.0/../../../../aarch64-none-elf/lib/pic/libg.a(lib_a-fseeko.o)
                0x0000000000009a30                _fseeko_r
 *fill*         0x0000000000009ef4        0x4 
 .text._fwalk   0x0000000000009ef8       0xb8 /opt/devkitpro/devkitA64/lib/gcc/aarch64-none-elf/8.3.0/../../../../aarch64-none-elf/lib/pic/libg.a(lib_a-fwalk.o)
                0x0000000000009ef8                _fwalk
 .text._fwalk_reent
                0x0000000000009fb0       0xbc /opt/devkitpro/devkitA64/lib/gcc/aarch64-none-elf/8.3.0/../../../../aarch64-none-elf/lib/pic/libg.a(lib_a-fwalk.o)
                0x0000000000009fb0                _fwalk_reent
 *fill*         0x000000000000a06c        0x4 
 .text.__libc_init_array
                0x000000000000a070       0x8c /opt/devkitpro/devkitA64/lib/gcc/aarch64-none-elf/8.3.0/../../../../aarch64-none-elf/lib/pic/libg.a(lib_a-init.o)
                0x000000000000a070                __libc_init_array
 *fill*         0x000000000000a0fc        0x4 
 .text.localtime
                0x000000000000a100       0x28 /opt/devkitpro/devkitA64/lib/gcc/aarch64-none-elf/8.3.0/../../../../aarch64-none-elf/lib/pic/libg.a(lib_a-lcltime.o)
                0x000000000000a100                localtime
 .text.localtime_r
                0x000000000000a128      0x380 /opt/devkitpro/devkitA64/lib/gcc/aarch64-none-elf/8.3.0/../../../../aarch64-none-elf/lib/pic/libg.a(lib_a-lcltime_r.o)
                0x000000000000a128                localtime_r
 .text.__swhatbuf_r
                0x000000000000a4a8       0xa4 /opt/devkitpro/devkitA64/lib/gcc/aarch64-none-elf/8.3.0/../../../../aarch64-none-elf/lib/pic/libg.a(lib_a-makebuf.o)
                0x000000000000a4a8                __swhatbuf_r
 *fill*         0x000000000000a54c        0x4 
 .text.__smakebuf_r
                0x000000000000a550      0x10c /opt/devkitpro/devkitA64/lib/gcc/aarch64-none-elf/8.3.0/../../../../aarch64-none-elf/lib/pic/libg.a(lib_a-makebuf.o)
                0x000000000000a550                __smakebuf_r
 *fill*         0x000000000000a65c        0x4 
 .text.malloc   0x000000000000a660       0x1c /opt/devkitpro/devkitA64/lib/gcc/aarch64-none-elf/8.3.0/../../../../aarch64-none-elf/lib/pic/libg.a(lib_a-malloc.o)
                0x000000000000a660                malloc
 *fill*         0x000000000000a67c        0x4 
 .text.free     0x000000000000a680       0x1c /opt/devkitpro/devkitA64/lib/gcc/aarch64-none-elf/8.3.0/../../../../aarch64-none-elf/lib/pic/libg.a(lib_a-malloc.o)
                0x000000000000a680                free
 *fill*         0x000000000000a69c        0x4 
 .text._malloc_r
                0x000000000000a6a0      0x87c /opt/devkitpro/devkitA64/lib/gcc/aarch64-none-elf/8.3.0/../../../../aarch64-none-elf/lib/pic/libg.a(lib_a-mallocr.o)
                0x000000000000a6a0                _malloc_r
 *fill*         0x000000000000af1c       0x24 
 .text          0x000000000000af40      0x16c /opt/devkitpro/devkitA64/lib/gcc/aarch64-none-elf/8.3.0/../../../../aarch64-none-elf/lib/pic/libg.a(lib_a-memcpy.o)
                0x000000000000af40                memcpy
 *fill*         0x000000000000b0ac       0x14 
 .text          0x000000000000b0c0      0x1dc /opt/devkitpro/devkitA64/lib/gcc/aarch64-none-elf/8.3.0/../../../../aarch64-none-elf/lib/pic/libg.a(lib_a-memset.o)
                0x000000000000b0c0                memset
 *fill*         0x000000000000b29c        0x4 
 .text.__malloc_lock
                0x000000000000b2a0        0xc /opt/devkitpro/devkitA64/lib/gcc/aarch64-none-elf/8.3.0/../../../../aarch64-none-elf/lib/pic/libg.a(lib_a-mlock.o)
                0x000000000000b2a0                __malloc_lock
 *fill*         0x000000000000b2ac        0x4 
 .text.__malloc_unlock
                0x000000000000b2b0        0xc /opt/devkitpro/devkitA64/lib/gcc/aarch64-none-elf/8.3.0/../../../../aarch64-none-elf/lib/pic/libg.a(lib_a-mlock.o)
                0x000000000000b2b0                __malloc_unlock
 *fill*         0x000000000000b2bc        0x4 
 .text.lflush   0x000000000000b2c0       0x20 /opt/devkitpro/devkitA64/lib/gcc/aarch64-none-elf/8.3.0/../../../../aarch64-none-elf/lib/pic/libg.a(lib_a-refill.o)
 .text.__srefill_r
                0x000000000000b2e0      0x1d0 /opt/devkitpro/devkitA64/lib/gcc/aarch64-none-elf/8.3.0/../../../../aarch64-none-elf/lib/pic/libg.a(lib_a-refill.o)
                0x000000000000b2e0                __srefill_r
 .text.setenv   0x000000000000b4b0       0x3c /opt/devkitpro/devkitA64/lib/gcc/aarch64-none-elf/8.3.0/../../../../aarch64-none-elf/lib/pic/libg.a(lib_a-setenv.o)
                0x000000000000b4b0                setenv
 *fill*         0x000000000000b4ec        0x4 
 .text._setenv_r
                0x000000000000b4f0      0x264 /opt/devkitpro/devkitA64/lib/gcc/aarch64-none-elf/8.3.0/../../../../aarch64-none-elf/lib/pic/libg.a(lib_a-setenv_r.o)
                0x000000000000b4f0                _setenv_r
 *fill*         0x000000000000b754        0x4 
 .text.sprintf  0x000000000000b758       0xa8 /opt/devkitpro/devkitA64/lib/gcc/aarch64-none-elf/8.3.0/../../../../aarch64-none-elf/lib/pic/libg.a(lib_a-sprintf.o)
                0x000000000000b758                sprintf
 .text.__sread  0x000000000000b800       0x50 /opt/devkitpro/devkitA64/lib/gcc/aarch64-none-elf/8.3.0/../../../../aarch64-none-elf/lib/pic/libg.a(lib_a-stdio.o)
                0x000000000000b800                __sread
 .text.__seofread
                0x000000000000b850        0x8 /opt/devkitpro/devkitA64/lib/gcc/aarch64-none-elf/8.3.0/../../../../aarch64-none-elf/lib/pic/libg.a(lib_a-stdio.o)
                0x000000000000b850                __seofread
 .text.__swrite
                0x000000000000b858       0x6c /opt/devkitpro/devkitA64/lib/gcc/aarch64-none-elf/8.3.0/../../../../aarch64-none-elf/lib/pic/libg.a(lib_a-stdio.o)
                0x000000000000b858                __swrite
 *fill*         0x000000000000b8c4        0x4 
 .text.__sseek  0x000000000000b8c8       0x50 /opt/devkitpro/devkitA64/lib/gcc/aarch64-none-elf/8.3.0/../../../../aarch64-none-elf/lib/pic/libg.a(lib_a-stdio.o)
                0x000000000000b8c8                __sseek
 .text.__sclose
                0x000000000000b918        0x8 /opt/devkitpro/devkitA64/lib/gcc/aarch64-none-elf/8.3.0/../../../../aarch64-none-elf/lib/pic/libg.a(lib_a-stdio.o)
                0x000000000000b918                __sclose
 .text          0x000000000000b920       0xdc /opt/devkitpro/devkitA64/lib/gcc/aarch64-none-elf/8.3.0/../../../../aarch64-none-elf/lib/pic/libg.a(lib_a-strchr.o)
                0x000000000000b920                strchr
 *fill*         0x000000000000b9fc        0x4 
 .text          0x000000000000ba00       0xe4 /opt/devkitpro/devkitA64/lib/gcc/aarch64-none-elf/8.3.0/../../../../aarch64-none-elf/lib/pic/libg.a(lib_a-strcmp.o)
                0x000000000000ba00                strcmp
 *fill*         0x000000000000bae4       0x1c 
 .text          0x000000000000bb00      0x1b8 /opt/devkitpro/devkitA64/lib/gcc/aarch64-none-elf/8.3.0/../../../../aarch64-none-elf/lib/pic/libg.a(lib_a-strcpy.o)
                0x000000000000bb00                strcpy
 *fill*         0x000000000000bcb8        0x8 
 .text          0x000000000000bcc0      0x140 /opt/devkitpro/devkitA64/lib/gcc/aarch64-none-elf/8.3.0/../../../../aarch64-none-elf/lib/pic/libg.a(lib_a-strlen.o)
                0x000000000000bcc0                strlen
 .text.strncat  0x000000000000be00       0x84 /opt/devkitpro/devkitA64/lib/gcc/aarch64-none-elf/8.3.0/../../../../aarch64-none-elf/lib/pic/libg.a(lib_a-strncat.o)
                0x000000000000be00                strncat
 *fill*         0x000000000000be84       0x3c 
 .text          0x000000000000bec0      0x1d4 /opt/devkitpro/devkitA64/lib/gcc/aarch64-none-elf/8.3.0/../../../../aarch64-none-elf/lib/pic/libg.a(lib_a-strncmp.o)
                0x000000000000bedc                strncmp
 *fill*         0x000000000000c094        0x4 
 .text.strncpy  0x000000000000c098       0xa8 /opt/devkitpro/devkitA64/lib/gcc/aarch64-none-elf/8.3.0/../../../../aarch64-none-elf/lib/pic/libg.a(lib_a-strncpy.o)
                0x000000000000c098                strncpy
 .text          0x000000000000c140       0xe0 /opt/devkitpro/devkitA64/lib/gcc/aarch64-none-elf/8.3.0/../../../../aarch64-none-elf/lib/pic/libg.a(lib_a-strnlen.o)
                0x000000000000c164                strnlen
 .text._strtoul_l.isra.0
                0x000000000000c220      0x1ac /opt/devkitpro/devkitA64/lib/gcc/aarch64-none-elf/8.3.0/../../../../aarch64-none-elf/lib/pic/libg.a(lib_a-strtoul.o)
 *fill*         0x000000000000c3cc        0x4 
 .text._strtoul_r
                0x000000000000c3d0       0x34 /opt/devkitpro/devkitA64/lib/gcc/aarch64-none-elf/8.3.0/../../../../aarch64-none-elf/lib/pic/libg.a(lib_a-strtoul.o)
                0x000000000000c3d0                _strtoul_r
 *fill*         0x000000000000c404        0x4 
 .text.strtoul  0x000000000000c408       0x48 /opt/devkitpro/devkitA64/lib/gcc/aarch64-none-elf/8.3.0/../../../../aarch64-none-elf/lib/pic/libg.a(lib_a-strtoul.o)
                0x000000000000c408                strtoul
 .text.get_arg  0x000000000000c450      0x76c /opt/devkitpro/devkitA64/lib/gcc/aarch64-none-elf/8.3.0/../../../../aarch64-none-elf/lib/pic/libg.a(lib_a-svfprintf.o)
 .text._svfprintf_r
                0x000000000000cbbc     0x3b38 /opt/devkitpro/devkitA64/lib/gcc/aarch64-none-elf/8.3.0/../../../../aarch64-none-elf/lib/pic/libg.a(lib_a-svfprintf.o)
                0x000000000000cbbc                _svfprintf_r
 *fill*         0x00000000000106f4        0x4 
 .text.time     0x00000000000106f8       0x40 /opt/devkitpro/devkitA64/lib/gcc/aarch64-none-elf/8.3.0/../../../../aarch64-none-elf/lib/pic/libg.a(lib_a-time.o)
                0x00000000000106f8                time
 .text.__tzcalc_limits
                0x0000000000010738      0x230 /opt/devkitpro/devkitA64/lib/gcc/aarch64-none-elf/8.3.0/../../../../aarch64-none-elf/lib/pic/libg.a(lib_a-tzcalc_limits.o)
                0x0000000000010738                __tzcalc_limits
 .text.__tz_lock
                0x0000000000010968        0xc /opt/devkitpro/devkitA64/lib/gcc/aarch64-none-elf/8.3.0/../../../../aarch64-none-elf/lib/pic/libg.a(lib_a-tzlock.o)
                0x0000000000010968                __tz_lock
 *fill*         0x0000000000010974        0x4 
 .text.__tz_unlock
                0x0000000000010978        0xc /opt/devkitpro/devkitA64/lib/gcc/aarch64-none-elf/8.3.0/../../../../aarch64-none-elf/lib/pic/libg.a(lib_a-tzlock.o)
                0x0000000000010978                __tz_unlock
 *fill*         0x0000000000010984        0x4 
 .text._tzset_unlocked
                0x0000000000010988       0x14 /opt/devkitpro/devkitA64/lib/gcc/aarch64-none-elf/8.3.0/../../../../aarch64-none-elf/lib/pic/libg.a(lib_a-tzset.o)
                0x0000000000010988                _tzset_unlocked
 *fill*         0x000000000001099c        0x4 
 .text._tzset_unlocked_r
                0x00000000000109a0      0x50c /opt/devkitpro/devkitA64/lib/gcc/aarch64-none-elf/8.3.0/../../../../aarch64-none-elf/lib/pic/libg.a(lib_a-tzset_r.o)
                0x00000000000109a0                _tzset_unlocked_r
 .text.get_arg  0x0000000000010eac      0x76c /opt/devkitpro/devkitA64/lib/gcc/aarch64-none-elf/8.3.0/../../../../aarch64-none-elf/lib/pic/libg.a(lib_a-vfprintf.o)
 .text._vfprintf_r
                0x0000000000011618     0x3c28 /opt/devkitpro/devkitA64/lib/gcc/aarch64-none-elf/8.3.0/../../../../aarch64-none-elf/lib/pic/libg.a(lib_a-vfprintf.o)
                0x0000000000011618                _vfprintf_r
 .text.__sbprintf
                0x0000000000015240       0xec /opt/devkitpro/devkitA64/lib/gcc/aarch64-none-elf/8.3.0/../../../../aarch64-none-elf/lib/pic/libg.a(lib_a-vfprintf.o)
 *fill*         0x000000000001532c        0x4 
 .text._wcrtomb_r
                0x0000000000015330       0xd0 /opt/devkitpro/devkitA64/lib/gcc/aarch64-none-elf/8.3.0/../../../../aarch64-none-elf/lib/pic/libg.a(lib_a-wcrtomb.o)
                0x0000000000015330                _wcrtomb_r
 .text._wcsrtombs_r
                0x0000000000015400       0x10 /opt/devkitpro/devkitA64/lib/gcc/aarch64-none-elf/8.3.0/../../../../aarch64-none-elf/lib/pic/libg.a(lib_a-wcsrtombs.o)
                0x0000000000015400                _wcsrtombs_r
 .text.__swsetup_r
                0x0000000000015410      0x140 /opt/devkitpro/devkitA64/lib/gcc/aarch64-none-elf/8.3.0/../../../../aarch64-none-elf/lib/pic/libg.a(lib_a-wsetup.o)
                0x0000000000015410                __swsetup_r
 .text.__call_exitprocs
                0x0000000000015550      0x124 /opt/devkitpro/devkitA64/lib/gcc/aarch64-none-elf/8.3.0/../../../../aarch64-none-elf/lib/pic/libg.a(lib_a-__call_atexit.o)
                0x0000000000015550                __call_exitprocs
 *fill*         0x0000000000015674        0x4 
 .text.quorem   0x0000000000015678      0x1a8 /opt/devkitpro/devkitA64/lib/gcc/aarch64-none-elf/8.3.0/../../../../aarch64-none-elf/lib/pic/libg.a(lib_a-dtoa.o)
 .text._dtoa_r  0x0000000000015820     0x10dc /opt/devkitpro/devkitA64/lib/gcc/aarch64-none-elf/8.3.0/../../../../aarch64-none-elf/lib/pic/libg.a(lib_a-dtoa.o)
                0x0000000000015820                _dtoa_r
 *fill*         0x00000000000168fc        0x4 
 .text.__env_lock
                0x0000000000016900        0xc /opt/devkitpro/devkitA64/lib/gcc/aarch64-none-elf/8.3.0/../../../../aarch64-none-elf/lib/pic/libg.a(lib_a-envlock.o)
                0x0000000000016900                __env_lock
 *fill*         0x000000000001690c        0x4 
 .text.__env_unlock
                0x0000000000016910        0xc /opt/devkitpro/devkitA64/lib/gcc/aarch64-none-elf/8.3.0/../../../../aarch64-none-elf/lib/pic/libg.a(lib_a-envlock.o)
                0x0000000000016910                __env_unlock
 *fill*         0x000000000001691c        0x4 
 .text.__sflags
                0x0000000000016920       0xa8 /opt/devkitpro/devkitA64/lib/gcc/aarch64-none-elf/8.3.0/../../../../aarch64-none-elf/lib/pic/libg.a(lib_a-flags.o)
                0x0000000000016920                __sflags
 .text._findenv_r
                0x00000000000169c8      0x100 /opt/devkitpro/devkitA64/lib/gcc/aarch64-none-elf/8.3.0/../../../../aarch64-none-elf/lib/pic/libg.a(lib_a-getenv_r.o)
                0x00000000000169c8                _findenv_r
 .text._getenv_r
                0x0000000000016ac8       0x18 /opt/devkitpro/devkitA64/lib/gcc/aarch64-none-elf/8.3.0/../../../../aarch64-none-elf/lib/pic/libg.a(lib_a-getenv_r.o)
                0x0000000000016ac8                _getenv_r
 .text.__gettzinfo
                0x0000000000016ae0        0xc /opt/devkitpro/devkitA64/lib/gcc/aarch64-none-elf/8.3.0/../../../../aarch64-none-elf/lib/pic/libg.a(lib_a-gettzinfo.o)
                0x0000000000016ae0                __gettzinfo
 *fill*         0x0000000000016aec        0x4 
 .text.gmtime_r
                0x0000000000016af0      0x290 /opt/devkitpro/devkitA64/lib/gcc/aarch64-none-elf/8.3.0/../../../../aarch64-none-elf/lib/pic/libg.a(lib_a-gmtime_r.o)
                0x0000000000016af0                gmtime_r
 .text.__localeconv_l
                0x0000000000016d80        0x8 /opt/devkitpro/devkitA64/lib/gcc/aarch64-none-elf/8.3.0/../../../../aarch64-none-elf/lib/pic/libg.a(lib_a-localeconv.o)
                0x0000000000016d80                __localeconv_l
 .text._localeconv_r
                0x0000000000016d88       0x28 /opt/devkitpro/devkitA64/lib/gcc/aarch64-none-elf/8.3.0/../../../../aarch64-none-elf/lib/pic/libg.a(lib_a-localeconv.o)
                0x0000000000016d88                _localeconv_r
 .text.__locale_mb_cur_max
                0x0000000000016db0       0x2c /opt/devkitpro/devkitA64/lib/gcc/aarch64-none-elf/8.3.0/../../../../aarch64-none-elf/lib/pic/libg.a(lib_a-locale.o)
                0x0000000000016db0                __locale_mb_cur_max
 *fill*         0x0000000000016ddc        0x4 
 .text.__utf8_mbtowc
                0x0000000000016de0      0x2c8 /opt/devkitpro/devkitA64/lib/gcc/aarch64-none-elf/8.3.0/../../../../aarch64-none-elf/lib/pic/libg.a(lib_a-mbtowc_r.o)
                0x0000000000016de0                __utf8_mbtowc
 .text          0x00000000000170a8       0xd8 /opt/devkitpro/devkitA64/lib/gcc/aarch64-none-elf/8.3.0/../../../../aarch64-none-elf/lib/pic/libg.a(lib_a-memchr.o)
                0x00000000000170a8                memchr
 .text._Balloc  0x0000000000017180       0x90 /opt/devkitpro/devkitA64/lib/gcc/aarch64-none-elf/8.3.0/../../../../aarch64-none-elf/lib/pic/libg.a(lib_a-mprec.o)
                0x0000000000017180                _Balloc
 .text._Bfree   0x0000000000017210       0x1c /opt/devkitpro/devkitA64/lib/gcc/aarch64-none-elf/8.3.0/../../../../aarch64-none-elf/lib/pic/libg.a(lib_a-mprec.o)
                0x0000000000017210                _Bfree
 *fill*         0x000000000001722c        0x4 
 .text.__multadd
                0x0000000000017230       0xe8 /opt/devkitpro/devkitA64/lib/gcc/aarch64-none-elf/8.3.0/../../../../aarch64-none-elf/lib/pic/libg.a(lib_a-mprec.o)
                0x0000000000017230                __multadd
 .text.__hi0bits
                0x0000000000017318       0x5c /opt/devkitpro/devkitA64/lib/gcc/aarch64-none-elf/8.3.0/../../../../aarch64-none-elf/lib/pic/libg.a(lib_a-mprec.o)
                0x0000000000017318                __hi0bits
 *fill*         0x0000000000017374        0x4 
 .text.__lo0bits
                0x0000000000017378       0xa0 /opt/devkitpro/devkitA64/lib/gcc/aarch64-none-elf/8.3.0/../../../../aarch64-none-elf/lib/pic/libg.a(lib_a-mprec.o)
                0x0000000000017378                __lo0bits
 .text.__i2b    0x0000000000017418       0x2c /opt/devkitpro/devkitA64/lib/gcc/aarch64-none-elf/8.3.0/../../../../aarch64-none-elf/lib/pic/libg.a(lib_a-mprec.o)
                0x0000000000017418                __i2b
 *fill*         0x0000000000017444        0x4 
 .text.__multiply
                0x0000000000017448      0x1c8 /opt/devkitpro/devkitA64/lib/gcc/aarch64-none-elf/8.3.0/../../../../aarch64-none-elf/lib/pic/libg.a(lib_a-mprec.o)
                0x0000000000017448                __multiply
 .text.__pow5mult
                0x0000000000017610      0x104 /opt/devkitpro/devkitA64/lib/gcc/aarch64-none-elf/8.3.0/../../../../aarch64-none-elf/lib/pic/libg.a(lib_a-mprec.o)
                0x0000000000017610                __pow5mult
 *fill*         0x0000000000017714        0x4 
 .text.__lshift
                0x0000000000017718      0x134 /opt/devkitpro/devkitA64/lib/gcc/aarch64-none-elf/8.3.0/../../../../aarch64-none-elf/lib/pic/libg.a(lib_a-mprec.o)
                0x0000000000017718                __lshift
 *fill*         0x000000000001784c        0x4 
 .text.__mcmp   0x0000000000017850       0x50 /opt/devkitpro/devkitA64/lib/gcc/aarch64-none-elf/8.3.0/../../../../aarch64-none-elf/lib/pic/libg.a(lib_a-mprec.o)
                0x0000000000017850                __mcmp
 .text.__mdiff  0x00000000000178a0      0x14c /opt/devkitpro/devkitA64/lib/gcc/aarch64-none-elf/8.3.0/../../../../aarch64-none-elf/lib/pic/libg.a(lib_a-mprec.o)
                0x00000000000178a0                __mdiff
 *fill*         0x00000000000179ec        0x4 
 .text.__d2b    0x00000000000179f0      0x138 /opt/devkitpro/devkitA64/lib/gcc/aarch64-none-elf/8.3.0/../../../../aarch64-none-elf/lib/pic/libg.a(lib_a-mprec.o)
                0x00000000000179f0                __d2b
 .text._realloc_r
                0x0000000000017b28      0x56c /opt/devkitpro/devkitA64/lib/gcc/aarch64-none-elf/8.3.0/../../../../aarch64-none-elf/lib/pic/libg.a(lib_a-reallocr.o)
                0x0000000000017b28                _realloc_r
 *fill*         0x0000000000018094        0x4 
 .text.frexp    0x0000000000018098       0x7c /opt/devkitpro/devkitA64/lib/gcc/aarch64-none-elf/8.3.0/../../../../aarch64-none-elf/lib/pic/libg.a(lib_a-s_frexp.o)
                0x0000000000018098                frexp
 *fill*         0x0000000000018114        0x4 
 .text.siscanf  0x0000000000018118       0xbc /opt/devkitpro/devkitA64/lib/gcc/aarch64-none-elf/8.3.0/../../../../aarch64-none-elf/lib/pic/libg.a(lib_a-siscanf.o)
                0x0000000000018118                siscanf
 *fill*         0x00000000000181d4        0x4 
 .text._strtol_l.isra.0
                0x00000000000181d8      0x1a0 /opt/devkitpro/devkitA64/lib/gcc/aarch64-none-elf/8.3.0/../../../../aarch64-none-elf/lib/pic/libg.a(lib_a-strtol.o)
 .text._strtol_r
                0x0000000000018378       0x34 /opt/devkitpro/devkitA64/lib/gcc/aarch64-none-elf/8.3.0/../../../../aarch64-none-elf/lib/pic/libg.a(lib_a-strtol.o)
                0x0000000000018378                _strtol_r
 .text.__ssprint_r
                0x00000000000183ac      0x1c0 /opt/devkitpro/devkitA64/lib/gcc/aarch64-none-elf/8.3.0/../../../../aarch64-none-elf/lib/pic/libg.a(lib_a-svfiprintf.o)
                0x00000000000183ac                __ssprint_r
 .text.get_arg  0x000000000001856c       0x5c /opt/devkitpro/devkitA64/lib/gcc/aarch64-none-elf/8.3.0/../../../../aarch64-none-elf/lib/pic/libg.a(lib_a-svfiscanf.o)
 .text._sungetc_r
                0x00000000000185c8       0xf4 /opt/devkitpro/devkitA64/lib/gcc/aarch64-none-elf/8.3.0/../../../../aarch64-none-elf/lib/pic/libg.a(lib_a-svfiscanf.o)
                0x00000000000185c8                _sungetc_r
 .text.__ssrefill_r
                0x00000000000186bc       0x70 /opt/devkitpro/devkitA64/lib/gcc/aarch64-none-elf/8.3.0/../../../../aarch64-none-elf/lib/pic/libg.a(lib_a-svfiscanf.o)
                0x00000000000186bc                __ssrefill_r
 .text._sfread_r
                0x000000000001872c       0xe0 /opt/devkitpro/devkitA64/lib/gcc/aarch64-none-elf/8.3.0/../../../../aarch64-none-elf/lib/pic/libg.a(lib_a-svfiscanf.o)
                0x000000000001872c                _sfread_r
 .text.__ssvfiscanf_r
                0x000000000001880c     0x2804 /opt/devkitpro/devkitA64/lib/gcc/aarch64-none-elf/8.3.0/../../../../aarch64-none-elf/lib/pic/libg.a(lib_a-svfiscanf.o)
                0x000000000001880c                __ssvfiscanf_r
 .text.__submore
                0x000000000001b010       0xc8 /opt/devkitpro/devkitA64/lib/gcc/aarch64-none-elf/8.3.0/../../../../aarch64-none-elf/lib/pic/libg.a(lib_a-ungetc.o)
                0x000000000001b010                __submore
 .text.__sprint_r
                0x000000000001b0d8       0x3c /opt/devkitpro/devkitA64/lib/gcc/aarch64-none-elf/8.3.0/../../../../aarch64-none-elf/lib/pic/libg.a(lib_a-vfiprintf.o)
                0x000000000001b0d8                __sprint_r
 *fill*         0x000000000001b114        0x4 
 .text._wcsnrtombs_l
                0x000000000001b118      0x1dc /opt/devkitpro/devkitA64/lib/gcc/aarch64-none-elf/8.3.0/../../../../aarch64-none-elf/lib/pic/libg.a(lib_a-wcsnrtombs.o)
                0x000000000001b118                _wcsnrtombs_l
 *fill*         0x000000000001b2f4        0x4 
 .text._wcsnrtombs_r
                0x000000000001b2f8       0x54 /opt/devkitpro/devkitA64/lib/gcc/aarch64-none-elf/8.3.0/../../../../aarch64-none-elf/lib/pic/libg.a(lib_a-wcsnrtombs.o)
                0x000000000001b2f8                _wcsnrtombs_r
 *fill*         0x000000000001b34c        0x4 
 .text.__utf8_wctomb
                0x000000000001b350       0xe4 /opt/devkitpro/devkitA64/lib/gcc/aarch64-none-elf/8.3.0/../../../../aarch64-none-elf/lib/pic/libg.a(lib_a-wctomb_r.o)
                0x000000000001b350                __utf8_wctomb
 *fill*         0x000000000001b434        0x4 
 .text._calloc_r
                0x000000000001b438       0x94 /opt/devkitpro/devkitA64/lib/gcc/aarch64-none-elf/8.3.0/../../../../aarch64-none-elf/lib/pic/libg.a(lib_a-callocr.o)
                0x000000000001b438                _calloc_r
 *fill*         0x000000000001b4cc        0x4 
 .text.__sfvwrite_r
                0x000000000001b4d0      0x4b8 /opt/devkitpro/devkitA64/lib/gcc/aarch64-none-elf/8.3.0/../../../../aarch64-none-elf/lib/pic/libg.a(lib_a-fvwrite.o)
                0x000000000001b4d0                __sfvwrite_r
 .text.iswspace
                0x000000000001b988        0x8 /opt/devkitpro/devkitA64/lib/gcc/aarch64-none-elf/8.3.0/../../../../aarch64-none-elf/lib/pic/libg.a(lib_a-iswspace.o)
                0x000000000001b988                iswspace
 .text._mbrtowc_r
                0x000000000001b990       0xd8 /opt/devkitpro/devkitA64/lib/gcc/aarch64-none-elf/8.3.0/../../../../aarch64-none-elf/lib/pic/libg.a(lib_a-mbrtowc.o)
                0x000000000001b990                _mbrtowc_r
 *fill*         0x000000000001ba68       0x18 
 .text          0x000000000001ba80       0xac /opt/devkitpro/devkitA64/lib/gcc/aarch64-none-elf/8.3.0/../../../../aarch64-none-elf/lib/pic/libg.a(lib_a-memmove.o)
                0x000000000001ba80                memmove
 *fill*         0x000000000001bb2c        0x4 
 .text.realloc  0x000000000001bb30       0x30 /opt/devkitpro/devkitA64/lib/gcc/aarch64-none-elf/8.3.0/../../../../aarch64-none-elf/lib/pic/libg.a(lib_a-realloc.o)
                0x000000000001bb30                realloc
 .text.__sccl   0x000000000001bb60       0xbc /opt/devkitpro/devkitA64/lib/gcc/aarch64-none-elf/8.3.0/../../../../aarch64-none-elf/lib/pic/libg.a(lib_a-sccl.o)
                0x000000000001bb60                __sccl
 *fill*         0x000000000001bc1c        0x4 
 .text._strtoll_l.isra.0
                0x000000000001bc20      0x1a0 /opt/devkitpro/devkitA64/lib/gcc/aarch64-none-elf/8.3.0/../../../../aarch64-none-elf/lib/pic/libg.a(lib_a-strtoll.o)
 .text._strtoll_r
                0x000000000001bdc0       0x34 /opt/devkitpro/devkitA64/lib/gcc/aarch64-none-elf/8.3.0/../../../../aarch64-none-elf/lib/pic/libg.a(lib_a-strtoll.o)
                0x000000000001bdc0                _strtoll_r
 *fill*         0x000000000001bdf4        0x4 
 .text._strtoull_l.isra.0
                0x000000000001bdf8      0x1ac /opt/devkitpro/devkitA64/lib/gcc/aarch64-none-elf/8.3.0/../../../../aarch64-none-elf/lib/pic/libg.a(lib_a-strtoull.o)
 *fill*         0x000000000001bfa4        0x4 
 .text._strtoull_r
                0x000000000001bfa8       0x34 /opt/devkitpro/devkitA64/lib/gcc/aarch64-none-elf/8.3.0/../../../../aarch64-none-elf/lib/pic/libg.a(lib_a-strtoull.o)
                0x000000000001bfa8                _strtoull_r
 *fill*         0x000000000001bfdc        0x4 
 .text.iswspace_l
                0x000000000001bfe0       0x4c /opt/devkitpro/devkitA64/lib/gcc/aarch64-none-elf/8.3.0/../../../../aarch64-none-elf/lib/pic/libg.a(lib_a-iswspace_l.o)
                0x000000000001bfe0                iswspace_l
 *fill*         0x000000000001c02c        0x4 
 .text.__jp2uc  0x000000000001c030      0x244 /opt/devkitpro/devkitA64/lib/gcc/aarch64-none-elf/8.3.0/../../../../aarch64-none-elf/lib/pic/libg.a(lib_a-jp2uc.o)
 *fill*         0x000000000001c274        0x4 
 .text._jp2uc_l
                0x000000000001c278       0xbc /opt/devkitpro/devkitA64/lib/gcc/aarch64-none-elf/8.3.0/../../../../aarch64-none-elf/lib/pic/libg.a(lib_a-jp2uc.o)
                0x000000000001c278                _jp2uc_l
 *fill*         0x000000000001c334        0x4 
 .text.category
                0x000000000001c338       0x88 /opt/devkitpro/devkitA64/lib/gcc/aarch64-none-elf/8.3.0/../../../../aarch64-none-elf/lib/pic/libg.a(lib_a-categories.o)
                0x000000000001c338                category
 .text.null_write
                0x000000000001c3c0        0x8 /opt/devkitpro/devkitA64/lib/gcc/aarch64-none-elf/8.3.0/../../../../aarch64-none-elf/lib/pic/libsysbase.a(iosupport.o)
 .text.setDefaultDevice
                0x000000000001c3c8       0x18 /opt/devkitpro/devkitA64/lib/gcc/aarch64-none-elf/8.3.0/../../../../aarch64-none-elf/lib/pic/libsysbase.a(iosupport.o)
                0x000000000001c3c8                setDefaultDevice
 .text.FindDevice
                0x000000000001c3e0      0x108 /opt/devkitpro/devkitA64/lib/gcc/aarch64-none-elf/8.3.0/../../../../aarch64-none-elf/lib/pic/libsysbase.a(iosupport.o)
                0x000000000001c3e0                FindDevice
 .text.RemoveDevice
                0x000000000001c4e8       0x34 /opt/devkitpro/devkitA64/lib/gcc/aarch64-none-elf/8.3.0/../../../../aarch64-none-elf/lib/pic/libsysbase.a(iosupport.o)
                0x000000000001c4e8                RemoveDevice
 *fill*         0x000000000001c51c        0x4 
 .text.AddDevice
                0x000000000001c520       0xd8 /opt/devkitpro/devkitA64/lib/gcc/aarch64-none-elf/8.3.0/../../../../aarch64-none-elf/lib/pic/libsysbase.a(iosupport.o)
                0x000000000001c520                AddDevice
 .text._close_r
                0x000000000001c5f8       0xa8 /opt/devkitpro/devkitA64/lib/gcc/aarch64-none-elf/8.3.0/../../../../aarch64-none-elf/lib/pic/libsysbase.a(close.o)
                0x000000000001c5f8                _close_r
 .text._fstat_r
                0x000000000001c6a0       0x80 /opt/devkitpro/devkitA64/lib/gcc/aarch64-none-elf/8.3.0/../../../../aarch64-none-elf/lib/pic/libsysbase.a(fstat.o)
                0x000000000001c6a0                _fstat_r
 .text._gettimeofday_r
                0x000000000001c720       0x24 /opt/devkitpro/devkitA64/lib/gcc/aarch64-none-elf/8.3.0/../../../../aarch64-none-elf/lib/pic/libsysbase.a(gettod.o)
                0x000000000001c720                _gettimeofday_r
 *fill*         0x000000000001c744        0x4 
 .text._isatty_r
                0x000000000001c748        0x8 /opt/devkitpro/devkitA64/lib/gcc/aarch64-none-elf/8.3.0/../../../../aarch64-none-elf/lib/pic/libsysbase.a(isatty.o)
                0x000000000001c748                _isatty_r
 .text._lseek_r
                0x000000000001c750       0x94 /opt/devkitpro/devkitA64/lib/gcc/aarch64-none-elf/8.3.0/../../../../aarch64-none-elf/lib/pic/libsysbase.a(lseek.o)
                0x000000000001c750                _lseek_r
 *fill*         0x000000000001c7e4        0x4 
 .text._open_r  0x000000000001c7e8       0xe0 /opt/devkitpro/devkitA64/lib/gcc/aarch64-none-elf/8.3.0/../../../../aarch64-none-elf/lib/pic/libsysbase.a(open.o)
                0x000000000001c7e8                _open_r
 .text._read_r  0x000000000001c8c8       0xa4 /opt/devkitpro/devkitA64/lib/gcc/aarch64-none-elf/8.3.0/../../../../aarch64-none-elf/lib/pic/libsysbase.a(read.o)
                0x000000000001c8c8                _read_r
 *fill*         0x000000000001c96c        0x4 
 .text._sbrk_r  0x000000000001c970       0x78 /opt/devkitpro/devkitA64/lib/gcc/aarch64-none-elf/8.3.0/../../../../aarch64-none-elf/lib/pic/libsysbase.a(sbrk.o)
                0x000000000001c970                _sbrk_r
 .text._write_r
                0x000000000001c9e8       0xa4 /opt/devkitpro/devkitA64/lib/gcc/aarch64-none-elf/8.3.0/../../../../aarch64-none-elf/lib/pic/libsysbase.a(write.o)
                0x000000000001c9e8                _write_r
 *fill*         0x000000000001ca8c        0x4 
 .text._exit    0x000000000001ca90       0x20 /opt/devkitpro/devkitA64/lib/gcc/aarch64-none-elf/8.3.0/../../../../aarch64-none-elf/lib/pic/libsysbase.a(_exit.o)
                0x000000000001ca90                _exit
 .text._concatenate_path
                0x000000000001cab0      0x234 /opt/devkitpro/devkitA64/lib/gcc/aarch64-none-elf/8.3.0/../../../../aarch64-none-elf/lib/pic/libsysbase.a(chdir.o)
                0x000000000001cab0                _concatenate_path
 *fill*         0x000000000001cce4        0x4 
 .text.chdir    0x000000000001cce8      0x178 /opt/devkitpro/devkitA64/lib/gcc/aarch64-none-elf/8.3.0/../../../../aarch64-none-elf/lib/pic/libsysbase.a(chdir.o)
                0x000000000001cce8                chdir
 .text.mkdir    0x000000000001ce60       0x74 /opt/devkitpro/devkitA64/lib/gcc/aarch64-none-elf/8.3.0/../../../../aarch64-none-elf/lib/pic/libsysbase.a(mkdir.o)
                0x000000000001ce60                mkdir
 *fill*         0x000000000001ced4        0x4 
 .text.__libc_lock_acquire
                0x000000000001ced8       0x14 /opt/devkitpro/devkitA64/lib/gcc/aarch64-none-elf/8.3.0/../../../../aarch64-none-elf/lib/pic/libsysbase.a(locks.o)
                0x000000000001ced8                __libc_lock_acquire
 *fill*         0x000000000001ceec        0x4 
 .text.__libc_lock_release
                0x000000000001cef0       0x14 /opt/devkitpro/devkitA64/lib/gcc/aarch64-none-elf/8.3.0/../../../../aarch64-none-elf/lib/pic/libsysbase.a(locks.o)
                0x000000000001cef0                __libc_lock_release
 *fill*         0x000000000001cf04        0x4 
 .text.__libc_lock_init_recursive
                0x000000000001cf08        0xc /opt/devkitpro/devkitA64/lib/gcc/aarch64-none-elf/8.3.0/../../../../aarch64-none-elf/lib/pic/libsysbase.a(locks.o)
                0x000000000001cf08                __libc_lock_init_recursive
 *fill*         0x000000000001cf14        0x4 
 .text.__libc_lock_acquire_recursive
                0x000000000001cf18       0x14 /opt/devkitpro/devkitA64/lib/gcc/aarch64-none-elf/8.3.0/../../../../aarch64-none-elf/lib/pic/libsysbase.a(locks.o)
                0x000000000001cf18                __libc_lock_acquire_recursive
 *fill*         0x000000000001cf2c        0x4 
 .text.__libc_lock_release_recursive
                0x000000000001cf30       0x14 /opt/devkitpro/devkitA64/lib/gcc/aarch64-none-elf/8.3.0/../../../../aarch64-none-elf/lib/pic/libsysbase.a(locks.o)
                0x000000000001cf30                __libc_lock_release_recursive
 *fill*         0x000000000001cf44        0x4 
 .text.__libc_lock_close_recursive
                0x000000000001cf48        0x4 /opt/devkitpro/devkitA64/lib/gcc/aarch64-none-elf/8.3.0/../../../../aarch64-none-elf/lib/pic/libsysbase.a(locks.o)
                0x000000000001cf48                __libc_lock_close_recursive
 *fill*         0x000000000001cf4c        0x4 
 .text.__free_handle
                0x000000000001cf50       0x3c /opt/devkitpro/devkitA64/lib/gcc/aarch64-none-elf/8.3.0/../../../../aarch64-none-elf/lib/pic/libsysbase.a(handle_manager.o)
                0x000000000001cf50                __free_handle
 *fill*         0x000000000001cf8c        0x4 
 .text.__release_handle
                0x000000000001cf90       0x58 /opt/devkitpro/devkitA64/lib/gcc/aarch64-none-elf/8.3.0/../../../../aarch64-none-elf/lib/pic/libsysbase.a(handle_manager.o)
                0x000000000001cf90                __release_handle
 .text.__alloc_handle
                0x000000000001cfe8       0xc0 /opt/devkitpro/devkitA64/lib/gcc/aarch64-none-elf/8.3.0/../../../../aarch64-none-elf/lib/pic/libsysbase.a(handle_manager.o)
                0x000000000001cfe8                __alloc_handle
 .text.__get_handle
                0x000000000001d0a8       0x20 /opt/devkitpro/devkitA64/lib/gcc/aarch64-none-elf/8.3.0/../../../../aarch64-none-elf/lib/pic/libsysbase.a(handle_manager.o)
                0x000000000001d0a8                __get_handle
 .text.__getreent
                0x000000000001d0c8       0x20 /opt/devkitpro/devkitA64/lib/gcc/aarch64-none-elf/8.3.0/../../../../aarch64-none-elf/lib/pic/libsysbase.a(getreent.o)
                0x000000000001d0c8                __getreent
 .text.__trunctfdf2
                0x000000000001d0e8      0x348 /opt/devkitpro/devkitA64/lib/gcc/aarch64-none-elf/8.3.0/pic/libgcc.a(trunctfdf2.o)
                0x000000000001d0e8                __trunctfdf2
 .text.__sfp_handle_exceptions
                0x000000000001d430       0x70 /opt/devkitpro/devkitA64/lib/gcc/aarch64-none-elf/8.3.0/pic/libgcc.a(sfp-exceptions.o)
                0x000000000001d430                __sfp_handle_exceptions
 .text          0x000000000001d4a0      0x100 /opt/devkitpro/devkitA64/lib/gcc/aarch64-none-elf/8.3.0/../../../../aarch64-none-elf/lib/pic/libg.a(lib_a-strrchr.o)
                0x000000000001d4a0                strrchr
                0x000000000001d5a0                . = ALIGN (0x8)

.fini           0x000000000001d5a0       0x38
 *(.fini)
 .fini          0x000000000001d5a0       0x18 /opt/devkitpro/devkitA64/lib/gcc/aarch64-none-elf/8.3.0/pic/crti.o
                0x000000000001d5a0                _fini
 .fini          0x000000000001d5b8       0x1c /opt/devkitpro/devkitA64/lib/gcc/aarch64-none-elf/8.3.0/pic/crtn.o
                0x000000000001d5d8                . = ALIGN (0x8)
 *fill*         0x000000000001d5d4        0x4 
                0x000000000001e000                . = ALIGN (0x1000)
                0x000000000001e000                __rodata_start = .

.nx-module-name
                0x000000000001e000       0x12
 *(.nx-module-name)
 .nx-module-name
                0x000000000001e000       0x12 /opt/devkitpro/devkitA64/lib/gcc/aarch64-none-elf/8.3.0/pic/crti.o

.rodata         0x000000000001e018     0x7408
 *(.rodata .rodata.* .gnu.linkonce.r.*)
 .rodata        0x000000000001e018      0x400 main.o
 .rodata.str1.8
                0x000000000001e418      0x13b main.o
 *fill*         0x000000000001e553        0x5 
 .rodata.timeInitialize.str1.8
                0x000000000001e558        0xf /opt/devkitpro/libnx/lib/libnx.a(time.o)
 *fill*         0x000000000001e567        0x1 
 .rodata        0x000000000001e568       0x24 /opt/devkitpro/libnx/lib/libnx.a(hid.o)
 *fill*         0x000000000001e58c        0x4 
 .rodata.hidInitialize.str1.8
                0x000000000001e590        0x4 /opt/devkitpro/libnx/lib/libnx.a(hid.o)
 *fill*         0x000000000001e594        0x4 
 .rodata._fatalImpl.str1.8
                0x000000000001e598        0x8 /opt/devkitpro/libnx/lib/libnx.a(fatal.o)
 .rodata.smInitialize.str1.8
                0x000000000001e5a0        0x4 /opt/devkitpro/libnx/lib/libnx.a(sm.o)
                                          0x9 (size before relaxing)
 *fill*         0x000000000001e5a4        0x4 
 .rodata.fsInitialize.str1.8
                0x000000000001e5a8        0x8 /opt/devkitpro/libnx/lib/libnx.a(fs.o)
 .rodata.__libnx_init_time.str1.8
                0x000000000001e5b0        0x3 /opt/devkitpro/libnx/lib/libnx.a(newlib.o)
 *fill*         0x000000000001e5b3        0x5 
 .rodata._fsdevUnmountDeviceStruct.part.4.str1.8
                0x000000000001e5b8        0x2 /opt/devkitpro/libnx/lib/libnx.a(fs_dev.o)
 *fill*         0x000000000001e5ba        0x6 
 .rodata.error_table
                0x000000000001e5c0       0x20 /opt/devkitpro/libnx/lib/libnx.a(fs_dev.o)
 .rodata.fsdevMountSdmc.str1.8
                0x000000000001e5e0        0x5 /opt/devkitpro/libnx/lib/libnx.a(fs_dev.o)
 *fill*         0x000000000001e5e5        0x3 
 .rodata.nxlinkSetup.str1.8
                0x000000000001e5e8        0x9 /opt/devkitpro/libnx/lib/libnx.a(nxlink.o)
 *fill*         0x000000000001e5f1        0x7 
 .rodata._ctype_
                0x000000000001e5f8      0x101 /opt/devkitpro/devkitA64/lib/gcc/aarch64-none-elf/8.3.0/../../../../aarch64-none-elf/lib/pic/libg.a(lib_a-ctype_.o)
                0x000000000001e5f8                _ctype_
 *fill*         0x000000000001e6f9        0x7 
 .rodata.__month_lengths
                0x000000000001e700       0x60 /opt/devkitpro/devkitA64/lib/gcc/aarch64-none-elf/8.3.0/../../../../aarch64-none-elf/lib/pic/libg.a(lib_a-month_lengths.o)
                0x000000000001e700                __month_lengths
 .rodata.get_arg
                0x000000000001e760       0x92 /opt/devkitpro/devkitA64/lib/gcc/aarch64-none-elf/8.3.0/../../../../aarch64-none-elf/lib/pic/libg.a(lib_a-svfprintf.o)
 *fill*         0x000000000001e7f2        0x2 
 .rodata._svfprintf_r
                0x000000000001e7f4       0xb6 /opt/devkitpro/devkitA64/lib/gcc/aarch64-none-elf/8.3.0/../../../../aarch64-none-elf/lib/pic/libg.a(lib_a-svfprintf.o)
 .rodata._svfprintf_r.str1.1
                0x000000000001e8aa       0x3b /opt/devkitpro/devkitA64/lib/gcc/aarch64-none-elf/8.3.0/../../../../aarch64-none-elf/lib/pic/libg.a(lib_a-svfprintf.o)
 *fill*         0x000000000001e8e5        0x3 
 .rodata.blanks.6590
                0x000000000001e8e8       0x10 /opt/devkitpro/devkitA64/lib/gcc/aarch64-none-elf/8.3.0/../../../../aarch64-none-elf/lib/pic/libg.a(lib_a-svfprintf.o)
 .rodata.zeroes.6591
                0x000000000001e8f8       0x10 /opt/devkitpro/devkitA64/lib/gcc/aarch64-none-elf/8.3.0/../../../../aarch64-none-elf/lib/pic/libg.a(lib_a-svfprintf.o)
 .rodata._tzset_unlocked_r.str1.8
                0x000000000001e908       0x5b /opt/devkitpro/devkitA64/lib/gcc/aarch64-none-elf/8.3.0/../../../../aarch64-none-elf/lib/pic/libg.a(lib_a-tzset_r.o)
                                         0x63 (size before relaxing)
 .rodata.str1.8
                0x000000000001e963        0x4 /opt/devkitpro/devkitA64/lib/gcc/aarch64-none-elf/8.3.0/../../../../aarch64-none-elf/lib/pic/libg.a(lib_a-tzvars.o)
 *fill*         0x000000000001e963        0x1 
 .rodata.get_arg
                0x000000000001e964       0x92 /opt/devkitpro/devkitA64/lib/gcc/aarch64-none-elf/8.3.0/../../../../aarch64-none-elf/lib/pic/libg.a(lib_a-vfprintf.o)
 *fill*         0x000000000001e9f6        0x2 
 .rodata._vfprintf_r
                0x000000000001e9f8       0xb6 /opt/devkitpro/devkitA64/lib/gcc/aarch64-none-elf/8.3.0/../../../../aarch64-none-elf/lib/pic/libg.a(lib_a-vfprintf.o)
 .rodata._vfprintf_r.str1.1
                0x000000000001eaae       0x3b /opt/devkitpro/devkitA64/lib/gcc/aarch64-none-elf/8.3.0/../../../../aarch64-none-elf/lib/pic/libg.a(lib_a-vfprintf.o)
 *fill*         0x000000000001eaae        0x2 
 .rodata.blanks.6605
                0x000000000001eab0       0x10 /opt/devkitpro/devkitA64/lib/gcc/aarch64-none-elf/8.3.0/../../../../aarch64-none-elf/lib/pic/libg.a(lib_a-vfprintf.o)
 .rodata.zeroes.6606
                0x000000000001eac0       0x10 /opt/devkitpro/devkitA64/lib/gcc/aarch64-none-elf/8.3.0/../../../../aarch64-none-elf/lib/pic/libg.a(lib_a-vfprintf.o)
 .rodata._dtoa_r.cst8
                0x000000000001ead0       0x18 /opt/devkitpro/devkitA64/lib/gcc/aarch64-none-elf/8.3.0/../../../../aarch64-none-elf/lib/pic/libg.a(lib_a-dtoa.o)
 .rodata._dtoa_r.str1.8
                0x000000000001eae8       0x1a /opt/devkitpro/devkitA64/lib/gcc/aarch64-none-elf/8.3.0/../../../../aarch64-none-elf/lib/pic/libg.a(lib_a-dtoa.o)
 *fill*         0x000000000001eb02        0x6 
 .rodata.str1.8
                0x000000000001eb08       0x5c /opt/devkitpro/devkitA64/lib/gcc/aarch64-none-elf/8.3.0/../../../../aarch64-none-elf/lib/pic/libg.a(lib_a-locale.o)
                                         0x64 (size before relaxing)
 *fill*         0x000000000001eb64        0x4 
 .rodata.__mprec_bigtens
                0x000000000001eb68       0x28 /opt/devkitpro/devkitA64/lib/gcc/aarch64-none-elf/8.3.0/../../../../aarch64-none-elf/lib/pic/libg.a(lib_a-mprec.o)
                0x000000000001eb68                __mprec_bigtens
 .rodata.__mprec_tens
                0x000000000001eb90       0xc8 /opt/devkitpro/devkitA64/lib/gcc/aarch64-none-elf/8.3.0/../../../../aarch64-none-elf/lib/pic/libg.a(lib_a-mprec.o)
                0x000000000001eb90                __mprec_tens
 .rodata.p05.5339
                0x000000000001ec58        0xc /opt/devkitpro/devkitA64/lib/gcc/aarch64-none-elf/8.3.0/../../../../aarch64-none-elf/lib/pic/libg.a(lib_a-mprec.o)
 *fill*         0x000000000001ec64        0x4 
 .rodata.__action_table
                0x000000000001ec68       0x6c /opt/devkitpro/devkitA64/lib/gcc/aarch64-none-elf/8.3.0/../../../../aarch64-none-elf/lib/pic/libg.a(lib_a-svfiprintf.o)
                0x000000000001ec68                __action_table
 *fill*         0x000000000001ecd4        0x4 
 .rodata.__chclass
                0x000000000001ecd8      0x100 /opt/devkitpro/devkitA64/lib/gcc/aarch64-none-elf/8.3.0/../../../../aarch64-none-elf/lib/pic/libg.a(lib_a-svfiprintf.o)
                0x000000000001ecd8                __chclass
 .rodata.__state_table
                0x000000000001edd8       0x6c /opt/devkitpro/devkitA64/lib/gcc/aarch64-none-elf/8.3.0/../../../../aarch64-none-elf/lib/pic/libg.a(lib_a-svfiprintf.o)
                0x000000000001edd8                __state_table
 *fill*         0x000000000001ee44        0x4 
 .rodata.basefix.6125
                0x000000000001ee48       0x22 /opt/devkitpro/devkitA64/lib/gcc/aarch64-none-elf/8.3.0/../../../../aarch64-none-elf/lib/pic/libg.a(lib_a-svfiscanf.o)
 .rodata._mbrtowc_r.str1.8
                0x000000000001ee6a        0x1 /opt/devkitpro/devkitA64/lib/gcc/aarch64-none-elf/8.3.0/../../../../aarch64-none-elf/lib/pic/libg.a(lib_a-mbrtowc.o)
 *fill*         0x000000000001ee6a        0x6 
 .rodata._jp2uc_l.str1.8
                0x000000000001ee70       0x16 /opt/devkitpro/devkitA64/lib/gcc/aarch64-none-elf/8.3.0/../../../../aarch64-none-elf/lib/pic/libg.a(lib_a-jp2uc.o)
 *fill*         0x000000000001ee86        0x2 
 .rodata.a1     0x000000000001ee88       0xbc /opt/devkitpro/devkitA64/lib/gcc/aarch64-none-elf/8.3.0/../../../../aarch64-none-elf/lib/pic/libg.a(lib_a-jp2uc.o)
 *fill*         0x000000000001ef44        0x4 
 .rodata.a2     0x000000000001ef48       0xbc /opt/devkitpro/devkitA64/lib/gcc/aarch64-none-elf/8.3.0/../../../../aarch64-none-elf/lib/pic/libg.a(lib_a-jp2uc.o)
 *fill*         0x000000000001f004        0x4 
 .rodata.a3     0x000000000001f008       0x5b /opt/devkitpro/devkitA64/lib/gcc/aarch64-none-elf/8.3.0/../../../../aarch64-none-elf/lib/pic/libg.a(lib_a-jp2uc.o)
 *fill*         0x000000000001f063        0x5 
 .rodata.a6     0x000000000001f068       0x70 /opt/devkitpro/devkitA64/lib/gcc/aarch64-none-elf/8.3.0/../../../../aarch64-none-elf/lib/pic/libg.a(lib_a-jp2uc.o)
 .rodata.a7     0x000000000001f0d8       0xa2 /opt/devkitpro/devkitA64/lib/gcc/aarch64-none-elf/8.3.0/../../../../aarch64-none-elf/lib/pic/libg.a(lib_a-jp2uc.o)
 *fill*         0x000000000001f17a        0x6 
 .rodata.a8     0x000000000001f180       0x40 /opt/devkitpro/devkitA64/lib/gcc/aarch64-none-elf/8.3.0/../../../../aarch64-none-elf/lib/pic/libg.a(lib_a-jp2uc.o)
 .rodata.b02cf  0x000000000001f1c0     0x172a /opt/devkitpro/devkitA64/lib/gcc/aarch64-none-elf/8.3.0/../../../../aarch64-none-elf/lib/pic/libg.a(lib_a-jp2uc.o)
 *fill*         0x00000000000208ea        0x6 
 .rodata.d02f4  0x00000000000208f0     0x1a7c /opt/devkitpro/devkitA64/lib/gcc/aarch64-none-elf/8.3.0/../../../../aarch64-none-elf/lib/pic/libg.a(lib_a-jp2uc.o)
 *fill*         0x000000000002236c        0x4 
 .rodata.categories
                0x0000000000022370     0x309c /opt/devkitpro/devkitA64/lib/gcc/aarch64-none-elf/8.3.0/../../../../aarch64-none-elf/lib/pic/libg.a(lib_a-categories.o)
 *fill*         0x000000000002540c        0x4 
 .rodata.AddDevice.str1.8
                0x0000000000025410        0x8 /opt/devkitpro/devkitA64/lib/gcc/aarch64-none-elf/8.3.0/../../../../aarch64-none-elf/lib/pic/libsysbase.a(iosupport.o)
 .rodata.DIRECTORY_PARENT
                0x0000000000025418        0x3 /opt/devkitpro/devkitA64/lib/gcc/aarch64-none-elf/8.3.0/../../../../aarch64-none-elf/lib/pic/libsysbase.a(chdir.o)
                0x0000000000025418                DIRECTORY_PARENT
                0x0000000000025420                . = ALIGN (0x8)
 *fill*         0x000000000002541b        0x5 

.eh_frame_hdr   0x0000000000025420        0x0
                0x0000000000025420                __eh_frame_hdr_start = .
 *(.eh_frame_hdr)
 *(.eh_frame_entry .eh_frame_entry.*)
                0x0000000000025420                __eh_frame_hdr_end = .

.eh_frame       0x0000000000025420     0x38a0
 *(.eh_frame)
 .eh_frame      0x0000000000025420       0x80 /opt/devkitpro/devkitA64/lib/gcc/aarch64-none-elf/8.3.0/pic/crtbegin.o
 .eh_frame      0x00000000000254a0       0xa0 main.o
                                         0xb0 (size before relaxing)
 .eh_frame      0x0000000000025540      0x130 /opt/devkitpro/libnx/lib/libnx.a(time.o)
                                        0x360 (size before relaxing)
 .eh_frame      0x0000000000025670      0x328 /opt/devkitpro/libnx/lib/libnx.a(hid.o)
                                        0xc70 (size before relaxing)
 .eh_frame      0x0000000000025998       0x60 /opt/devkitpro/libnx/lib/libnx.a(fatal.o)
                                         0x88 (size before relaxing)
 .eh_frame      0x00000000000259f8      0x148 /opt/devkitpro/libnx/lib/libnx.a(sm.o)
                                        0x1f0 (size before relaxing)
 .eh_frame      0x0000000000025b40      0x5c0 /opt/devkitpro/libnx/lib/libnx.a(fs.o)
                                       0x1220 (size before relaxing)
 .eh_frame      0x0000000000026100       0x28 /opt/devkitpro/libnx/lib/libnx.a(hosversion.o)
                                         0x40 (size before relaxing)
 .eh_frame      0x0000000000026128      0x110 /opt/devkitpro/libnx/lib/libnx.a(newlib.o)
                                        0x420 (size before relaxing)
 .eh_frame      0x0000000000026238      0x670 /opt/devkitpro/libnx/lib/libnx.a(fs_dev.o)
                                        0x818 (size before relaxing)
 .eh_frame      0x00000000000268a8       0x18 /opt/devkitpro/libnx/lib/libnx.a(decode_utf8.o)
                                         0x28 (size before relaxing)
 .eh_frame      0x00000000000268c0      0x158 /opt/devkitpro/libnx/lib/libnx.a(svc.o)
                                        0x7e8 (size before relaxing)
 .eh_frame      0x0000000000026a18       0x18 /opt/devkitpro/libnx/lib/libnx.a(readtp.o)
                                         0x28 (size before relaxing)
 .eh_frame      0x0000000000026a30       0x68 /opt/devkitpro/libnx/lib/libnx.a(detect.o)
                                         0xd8 (size before relaxing)
 .eh_frame      0x0000000000026a98       0xa0 /opt/devkitpro/libnx/lib/libnx.a(shmem.o)
                                         0xc8 (size before relaxing)
 .eh_frame      0x0000000000026b38       0x98 /opt/devkitpro/libnx/lib/libnx.a(rwlock.o)
                                         0xc0 (size before relaxing)
 .eh_frame      0x0000000000026bd0       0x58 /opt/devkitpro/libnx/lib/libnx.a(tmem.o)
                                        0x108 (size before relaxing)
 .eh_frame      0x0000000000026c28       0x70 /opt/devkitpro/libnx/lib/libnx.a(mutex.o)
                                         0xc0 (size before relaxing)
 .eh_frame      0x0000000000026c98       0xb8 /opt/devkitpro/libnx/lib/libnx.a(virtmem.o)
                                        0x120 (size before relaxing)
 .eh_frame      0x0000000000026d50        0x0 /opt/devkitpro/libnx/lib/libnx.a(event.o)
                                         0xc0 (size before relaxing)
 .eh_frame      0x0000000000026d50       0x30 /opt/devkitpro/libnx/lib/libnx.a(condvar.o)
                                         0x48 (size before relaxing)
 .eh_frame      0x0000000000026d80        0x0 /opt/devkitpro/libnx/lib/libnx.a(thread.o)
                                        0x1c8 (size before relaxing)
 .eh_frame      0x0000000000026d80       0x18 /opt/devkitpro/libnx/lib/libnx.a(applet.o)
                                       0x3930 (size before relaxing)
 .eh_frame      0x0000000000026d98        0x0 /opt/devkitpro/libnx/lib/libnx.a(apm.o)
                                        0x138 (size before relaxing)
 .eh_frame      0x0000000000026d98       0x18 /opt/devkitpro/libnx/lib/libnx.a(dynamic.o)
                                         0x30 (size before relaxing)
 .eh_frame      0x0000000000026db0       0x38 /opt/devkitpro/libnx/lib/libnx.a(init.o)
                                         0xb8 (size before relaxing)
 .eh_frame      0x0000000000026de8       0xe0 /opt/devkitpro/libnx/lib/libnx.a(env.o)
                                        0x230 (size before relaxing)
 .eh_frame      0x0000000000026ec8       0xa8 /opt/devkitpro/libnx/lib/libnx.a(argv.o)
                                         0xb8 (size before relaxing)
 .eh_frame      0x0000000000026f70       0x28 /opt/devkitpro/libnx/lib/libnx.a(exception.o)
                                         0x40 (size before relaxing)
 .eh_frame      0x0000000000026f98        0x0 /opt/devkitpro/libnx/lib/libnx.a(wait.o)
                                         0xc8 (size before relaxing)
 .eh_frame      0x0000000000026f98        0x0 /opt/devkitpro/libnx/lib/libnx.a(set.o)
                                        0x578 (size before relaxing)
 .eh_frame      0x0000000000026f98       0x50 /opt/devkitpro/libnx/lib/libnx.a(nxlink.o)
                                         0x68 (size before relaxing)
 .eh_frame      0x0000000000026fe8       0x68 /opt/devkitpro/devkitA64/lib/gcc/aarch64-none-elf/8.3.0/../../../../aarch64-none-elf/lib/pic/libg.a(lib_a-bsearch.o)
                                         0x78 (size before relaxing)
 .eh_frame      0x0000000000027050        0x0 /opt/devkitpro/devkitA64/lib/gcc/aarch64-none-elf/8.3.0/../../../../aarch64-none-elf/lib/pic/libg.a(lib_a-ctype_.o)
                                         0x28 (size before relaxing)
 .eh_frame      0x0000000000027050       0x20 /opt/devkitpro/devkitA64/lib/gcc/aarch64-none-elf/8.3.0/../../../../aarch64-none-elf/lib/pic/libg.a(lib_a-errno.o)
                                         0x38 (size before relaxing)
 .eh_frame      0x0000000000027070       0x20 /opt/devkitpro/devkitA64/lib/gcc/aarch64-none-elf/8.3.0/../../../../aarch64-none-elf/lib/pic/libg.a(lib_a-exit.o)
                                         0x30 (size before relaxing)
 .eh_frame      0x0000000000027090       0x78 /opt/devkitpro/devkitA64/lib/gcc/aarch64-none-elf/8.3.0/../../../../aarch64-none-elf/lib/pic/libg.a(lib_a-fclose.o)
                                         0x90 (size before relaxing)
 .eh_frame      0x0000000000027108       0xa0 /opt/devkitpro/devkitA64/lib/gcc/aarch64-none-elf/8.3.0/../../../../aarch64-none-elf/lib/pic/libg.a(lib_a-fflush.o)
                                         0xb8 (size before relaxing)
 .eh_frame      0x00000000000271a8      0x100 /opt/devkitpro/devkitA64/lib/gcc/aarch64-none-elf/8.3.0/../../../../aarch64-none-elf/lib/pic/libg.a(lib_a-findfp.o)
                                        0x1a8 (size before relaxing)
 .eh_frame      0x00000000000272a8       0x28 /opt/devkitpro/devkitA64/lib/gcc/aarch64-none-elf/8.3.0/../../../../aarch64-none-elf/lib/pic/libg.a(lib_a-fini.o)
                                         0x38 (size before relaxing)
 .eh_frame      0x00000000000272d0       0x60 /opt/devkitpro/devkitA64/lib/gcc/aarch64-none-elf/8.3.0/../../../../aarch64-none-elf/lib/pic/libg.a(lib_a-fopen.o)
                                         0x78 (size before relaxing)
 .eh_frame      0x0000000000027330       0x28 /opt/devkitpro/devkitA64/lib/gcc/aarch64-none-elf/8.3.0/../../../../aarch64-none-elf/lib/pic/libg.a(lib_a-fprintf.o)
                                         0x58 (size before relaxing)
 .eh_frame      0x0000000000027358       0x80 /opt/devkitpro/devkitA64/lib/gcc/aarch64-none-elf/8.3.0/../../../../aarch64-none-elf/lib/pic/libg.a(lib_a-freer.o)
                                         0x98 (size before relaxing)
 .eh_frame      0x00000000000273d8       0x18 /opt/devkitpro/devkitA64/lib/gcc/aarch64-none-elf/8.3.0/../../../../aarch64-none-elf/lib/pic/libg.a(lib_a-fseek.o)
                                         0x50 (size before relaxing)
 .eh_frame      0x00000000000273f0       0x78 /opt/devkitpro/devkitA64/lib/gcc/aarch64-none-elf/8.3.0/../../../../aarch64-none-elf/lib/pic/libg.a(lib_a-fseeko.o)
                                         0xb0 (size before relaxing)
 .eh_frame      0x0000000000027468       0x98 /opt/devkitpro/devkitA64/lib/gcc/aarch64-none-elf/8.3.0/../../../../aarch64-none-elf/lib/pic/libg.a(lib_a-fwalk.o)